Archive member included to satisfy reference by file (symbol)

C:\Users\nick\SimplicityStudio\v4_workspace\dkblock\soc-btmesh-supervisor\protocol\bluetooth\lib\EFR32XG13X\GCC\libbluetooth_mesh.a(bgapi.c.obj)
                              ./main.o (symbol from plugin) (gecko_cmd_msg_buf)
C:\Users\nick\SimplicityStudio\v4_workspace\dkblock\soc-btmesh-supervisor\protocol\bluetooth\lib\EFR32XG13X\GCC\libbluetooth_mesh.a(bgapi_gap.c.obj)
                              ./main.o (symbol from plugin) (sli_bt_cmd_le_gap_set_mode)
C:\Users\nick\SimplicityStudio\v4_workspace\dkblock\soc-btmesh-supervisor\protocol\bluetooth\lib\EFR32XG13X\GCC\libbluetooth_mesh.a(bgapi_gatt.c.obj)
                              bgapi.c.obj (symbol from plugin) (bgapi_gatt_listener)
C:\Users\nick\SimplicityStudio\v4_workspace\dkblock\soc-btmesh-supervisor\protocol\bluetooth\lib\EFR32XG13X\GCC\libbluetooth_mesh.a(bgapi_gatt_lib.c.obj)
                              ./main.o (symbol from plugin) (sli_bt_cmd_gatt_server_send_user_write_response)
C:\Users\nick\SimplicityStudio\v4_workspace\dkblock\soc-btmesh-supervisor\protocol\bluetooth\lib\EFR32XG13X\GCC\libbluetooth_mesh.a(bgapi_le_connection.c.obj)
                              ./main.o (symbol from plugin) (sli_bt_cmd_le_connection_close)
C:\Users\nick\SimplicityStudio\v4_workspace\dkblock\soc-btmesh-supervisor\protocol\bluetooth\lib\EFR32XG13X\GCC\libbluetooth_mesh.a(bgapi_system.c.obj)
                              ./main.o (symbol from plugin) (sli_bt_cmd_system_reset)
C:\Users\nick\SimplicityStudio\v4_workspace\dkblock\soc-btmesh-supervisor\protocol\bluetooth\lib\EFR32XG13X\GCC\libbluetooth_mesh.a(bgbuf.c.obj)
                              bgapi.c.obj (symbol from plugin) (bgbuf_chain_free)
C:\Users\nick\SimplicityStudio\v4_workspace\dkblock\soc-btmesh-supervisor\protocol\bluetooth\lib\EFR32XG13X\GCC\libbluetooth_mesh.a(bglib.c.obj)
                              ./main.o (symbol from plugin) (gecko_stack_init)
C:\Users\nick\SimplicityStudio\v4_workspace\dkblock\soc-btmesh-supervisor\protocol\bluetooth\lib\EFR32XG13X\GCC\libbluetooth_mesh.a(btl_interface.c.obj)
                              bgapi.c.obj (symbol from plugin) (bootloader_getInfo)
C:\Users\nick\SimplicityStudio\v4_workspace\dkblock\soc-btmesh-supervisor\protocol\bluetooth\lib\EFR32XG13X\GCC\libbluetooth_mesh.a(gap.c.obj)
                              bglib.c.obj (symbol from plugin) (gap_reset_state)
C:\Users\nick\SimplicityStudio\v4_workspace\dkblock\soc-btmesh-supervisor\protocol\bluetooth\lib\EFR32XG13X\GCC\libbluetooth_mesh.a(gap_adv.c.obj)
                              gap.c.obj (symbol from plugin) (gap_set_advertising_timeout)
C:\Users\nick\SimplicityStudio\v4_workspace\dkblock\soc-btmesh-supervisor\protocol\bluetooth\lib\EFR32XG13X\GCC\libbluetooth_mesh.a(gap_deprecated.c.obj)
                              bgapi_gap.c.obj (symbol from plugin) (ubt_gap_set_adv_parameters)
C:\Users\nick\SimplicityStudio\v4_workspace\dkblock\soc-btmesh-supervisor\protocol\bluetooth\lib\EFR32XG13X\GCC\libbluetooth_mesh.a(gap_resolver.c.obj)
                              gap.c.obj (symbol from plugin) (gap_address_resolver_step)
C:\Users\nick\SimplicityStudio\v4_workspace\dkblock\soc-btmesh-supervisor\protocol\bluetooth\lib\EFR32XG13X\GCC\libbluetooth_mesh.a(gap_scan.c.obj)
                              gap.c.obj (symbol from plugin) (gap_status_set_scan_packet)
C:\Users\nick\SimplicityStudio\v4_workspace\dkblock\soc-btmesh-supervisor\protocol\bluetooth\lib\EFR32XG13X\GCC\libbluetooth_mesh.a(gatt.c.obj)
                              gap.c.obj (symbol from plugin) (gatt_init_connection)
C:\Users\nick\SimplicityStudio\v4_workspace\dkblock\soc-btmesh-supervisor\protocol\bluetooth\lib\EFR32XG13X\GCC\libbluetooth_mesh.a(gatt_client.c.obj)
                              bgapi_gatt_lib.c.obj (symbol from plugin) (gatt_client_init)
C:\Users\nick\SimplicityStudio\v4_workspace\dkblock\soc-btmesh-supervisor\protocol\bluetooth\lib\EFR32XG13X\GCC\libbluetooth_mesh.a(gatt_db_minimal.c.obj)
                              gap_adv.c.obj (symbol from plugin) (gatt_db_handle_active)
C:\Users\nick\SimplicityStudio\v4_workspace\dkblock\soc-btmesh-supervisor\protocol\bluetooth\lib\EFR32XG13X\GCC\libbluetooth_mesh.a(gatt_server.c.obj)
                              gatt_db_minimal.c.obj (symbol from plugin) (gatt_server_send_attribute_value_event)
C:\Users\nick\SimplicityStudio\v4_workspace\dkblock\soc-btmesh-supervisor\protocol\bluetooth\lib\EFR32XG13X\GCC\libbluetooth_mesh.a(gecko_bgapi_dfu.c.obj)
                              ./main.o (symbol from plugin) (gecko_bgapi_class_dfu_init)
C:\Users\nick\SimplicityStudio\v4_workspace\dkblock\soc-btmesh-supervisor\protocol\bluetooth\lib\EFR32XG13X\GCC\libbluetooth_mesh.a(gecko_bgapi_endpoint.c.obj)
                              ./main.o (symbol from plugin) (gecko_bgapi_class_endpoint_init)
[...]
Memory Configuration

Name             Origin             Length             Attributes
FLASH_BOOTLOADER 0x0fe10000         0x00004000         xr
FLASH            0x00000000         0x0007f000         xr
RAM              0x20000000         0x00010000         xrw
*default*        0x00000000         0xffffffff

Linker script and memory map

LOAD c:/siliconlabs/simplicitystudio/v4/developer/toolchains/gnu_arm/7.2_2017q4/bin/../lib/gcc/arm-none-eabi/7.2.1/thumb/v7e-m/fpv4-sp/softfp/crti.o
LOAD c:/siliconlabs/simplicitystudio/v4/developer/toolchains/gnu_arm/7.2_2017q4/bin/../lib/gcc/arm-none-eabi/7.2.1/thumb/v7e-m/fpv4-sp/softfp/crtbegin.o
LOAD c:/siliconlabs/simplicitystudio/v4/developer/toolchains/gnu_arm/7.2_2017q4/bin/../lib/gcc/arm-none-eabi/7.2.1/../../../../arm-none-eabi/lib/thumb/v7e-m/fpv4-sp/softfp/crt0.o
START GROUP
LOAD C:\Users\nick\AppData\Local\Temp\cclW87YU.ltrans0.ltrans.o
LOAD C:\Users\nick\AppData\Local\Temp\cclW87YU.ltrans1.ltrans.o
LOAD C:\Users\nick\AppData\Local\Temp\cclW87YU.ltrans2.ltrans.o
LOAD C:\Users\nick\AppData\Local\Temp\cclW87YU.ltrans3.ltrans.o
LOAD C:\Users\nick\AppData\Local\Temp\cclW87YU.ltrans4.ltrans.o
LOAD C:\Users\nick\AppData\Local\Temp\cclW87YU.ltrans5.ltrans.o
LOAD C:\Users\nick\AppData\Local\Temp\cclW87YU.ltrans6.ltrans.o
LOAD C:\Users\nick\AppData\Local\Temp\cclW87YU.ltrans7.ltrans.o
LOAD C:\Users\nick\SimplicityStudio\v4_workspace\dkblock\soc-btmesh-supervisor\protocol\bluetooth\lib\EFR32XG13X\GCC\libcoex.a
LOAD C:\Users\nick\SimplicityStudio\v4_workspace\dkblock\soc-btmesh-supervisor\protocol\bluetooth\lib\EFR32XG13X\GCC\libbluetooth_mesh.a
LOAD C:\Users\nick\SimplicityStudio\v4_workspace\dkblock\soc-btmesh-supervisor\protocol\bluetooth\lib\EFR32XG13X\GCC\binapploader.o
LOAD c:/siliconlabs/simplicitystudio/v4/developer/toolchains/gnu_arm/7.2_2017q4/bin/../lib/gcc/arm-none-eabi/7.2.1/../../../../arm-none-eabi/lib/thumb/v7e-m/fpv4-sp/softfp\libm.a
END GROUP
START GROUP
LOAD c:/siliconlabs/simplicitystudio/v4/developer/toolchains/gnu_arm/7.2_2017q4/bin/../lib/gcc/arm-none-eabi/7.2.1/thumb/v7e-m/fpv4-sp/softfp\libgcc.a
LOAD c:/siliconlabs/simplicitystudio/v4/developer/toolchains/gnu_arm/7.2_2017q4/bin/../lib/gcc/arm-none-eabi/7.2.1/../../../../arm-none-eabi/lib/thumb/v7e-m/fpv4-sp/softfp\libc_nano.a
LOAD c:/siliconlabs/simplicitystudio/v4/developer/toolchains/gnu_arm/7.2_2017q4/bin/../lib/gcc/arm-none-eabi/7.2.1/../../../../arm-none-eabi/lib/thumb/v7e-m/fpv4-sp/softfp\libnosys.a
END GROUP
START GROUP
LOAD c:/siliconlabs/simplicitystudio/v4/developer/toolchains/gnu_arm/7.2_2017q4/bin/../lib/gcc/arm-none-eabi/7.2.1/thumb/v7e-m/fpv4-sp/softfp\libgcc.a
LOAD c:/siliconlabs/simplicitystudio/v4/developer/toolchains/gnu_arm/7.2_2017q4/bin/../lib/gcc/arm-none-eabi/7.2.1/../../../../arm-none-eabi/lib/thumb/v7e-m/fpv4-sp/softfp\libg_nano.a
LOAD c:/siliconlabs/simplicitystudio/v4/developer/toolchains/gnu_arm/7.2_2017q4/bin/../lib/gcc/arm-none-eabi/7.2.1/../../../../arm-none-eabi/lib/thumb/v7e-m/fpv4-sp/softfp\libc_nano.a
END GROUP
START GROUP
LOAD c:/siliconlabs/simplicitystudio/v4/developer/toolchains/gnu_arm/7.2_2017q4/bin/../lib/gcc/arm-none-eabi/7.2.1/thumb/v7e-m/fpv4-sp/softfp\libgcc.a
LOAD c:/siliconlabs/simplicitystudio/v4/developer/toolchains/gnu_arm/7.2_2017q4/bin/../lib/gcc/arm-none-eabi/7.2.1/../../../../arm-none-eabi/lib/thumb/v7e-m/fpv4-sp/softfp\libc_nano.a
END GROUP
LOAD c:/siliconlabs/simplicitystudio/v4/developer/toolchains/gnu_arm/7.2_2017q4/bin/../lib/gcc/arm-none-eabi/7.2.1/thumb/v7e-m/fpv4-sp/softfp/crtend.o
LOAD c:/siliconlabs/simplicitystudio/v4/developer/toolchains/gnu_arm/7.2_2017q4/bin/../lib/gcc/arm-none-eabi/7.2.1/thumb/v7e-m/fpv4-sp/softfp/crtn.o

.text_bootloader
                0x0fe10000        0x0
 *(.binbootloader*)
                0x0fe10000                . = ALIGN (0x4000)

.text_apploader
                0x00000000     0x8fc0
 *(.binapploader*)
 .binapploader  0x00000000     0x8fc0 C:\Users\nick\SimplicityStudio\v4_workspace\dkblock\soc-btmesh-supervisor\protocol\bluetooth\lib\EFR32XG13X\GCC\binapploader.o

.text_signature
                0x00008fc0       0x40
                0x00009000                . = ALIGN (0x800)
 *fill*         0x00008fc0       0x40 
                0x00009000                __text_start__ = .

.text_application
                0x00009000    0x32600
 *(.vectors)
 .vectors       0x00009000       0xfc C:\Users\nick\AppData\Local\Temp\cclW87YU.ltrans6.ltrans.o
                0x00009000                __Vectors
                0x000090fc                __Vectors_End = .
                0x000000fc                __Vectors_Size = (__Vectors_End - __Vectors)
                0x000090fc                __end__ = .
 *(.application_properties)
 .application_properties
                0x000090fc       0x38 C:\Users\nick\AppData\Local\Temp\cclW87YU.ltrans0.ltrans.o
                0x000090fc                bg_application_properties
 *(.gecko_configuration)
 *(.xo_configuration)
 *(.gatt_header)
 .gatt_header   0x00009134       0x34 C:\Users\nick\AppData\Local\Temp\cclW87YU.ltrans6.ltrans.o
                0x00009134                bg_gattdb_data
 *(.gatt_data)
 .gatt_data     0x00009168      0x2e4 C:\Users\nick\AppData\Local\Temp\cclW87YU.ltrans6.ltrans.o
                0x00009168                bg_gattdb_data_attributes_map
                0x000092dc                bg_gattdb_data_attribute_field_29
                0x000092e4                bg_gattdb_data_attribute_field_28
                0x000092fa                bg_gattdb_data_attribute_field_27
                0x0000930c                bg_gattdb_data_attribute_field_26
                0x00009314                bg_gattdb_data_attribute_field_25
                0x0000932a                bg_gattdb_data_attribute_field_24
                0x0000933c                bg_gattdb_data_attribute_field_22
                0x00009344                bg_gattdb_data_attribute_field_21
                0x0000934c                bg_gattdb_data_attribute_field_20
                0x00009354                bg_gattdb_data_attribute_field_19
                0x0000935c                bg_gattdb_data_attribute_field_18
                0x00009360                bg_gattdb_data_attribute_field_16
                0x00009368                bg_gattdb_data_attribute_field_15
                0x00009370                bg_gattdb_data_attribute_field_14
                0x00009378                bg_gattdb_data_attribute_field_13
                0x00009380                bg_gattdb_data_attribute_field_12
                0x00009384                bg_gattdb_data_attribute_field_11
                0x00009392                bg_gattdb_data_attribute_field_10
                0x0000939a                bg_gattdb_data_attribute_field_9
                0x0000939e                bg_gattdb_data_attribute_field_8
                0x000093a2                bg_gattdb_data_attribute_field_7
                0x000093ac                bg_gattdb_data_attribute_field_6
                0x000093b4                bg_gattdb_data_attribute_field_5
                0x000093bc                bg_gattdb_data_attribute_field_4
                0x000093c0                bg_gattdb_data_attribute_field_2
                0x000093c8                bg_gattdb_data_attribute_field_1
                0x000093d0                bg_gattdb_data_attribute_field_0
                0x000093d4                bg_gattdb_data_adv_uuid128_map
                0x000093d5                bg_gattdb_data_adv_uuid16_map
                0x000093da                bg_gattdb_data_attributes_dynamic_mapping_map
                0x000093ea                bg_gattdb_data_uuidtable_128_map
                0x0000942a                bg_gattdb_data_uuidtable_16_map
 *(.text*)
 .text          0x0000944c       0x40 c:/siliconlabs/simplicitystudio/v4/developer/toolchains/gnu_arm/7.2_2017q4/bin/../lib/gcc/arm-none-eabi/7.2.1/thumb/v7e-m/fpv4-sp/softfp/crtbegin.o
 .text          0x0000948c       0x74 c:/siliconlabs/simplicitystudio/v4/developer/toolchains/gnu_arm/7.2_2017q4/bin/../lib/gcc/arm-none-eabi/7.2.1/../../../../arm-none-eabi/lib/thumb/v7e-m/fpv4-sp/softfp/crt0.o
                0x0000948c                _mainCRTStartup
                0x0000948c                _start
 .text          0x00009500     0x48f4 C:\Users\nick\AppData\Local\Temp\cclW87YU.ltrans0.ltrans.o
                0x0000955a                gecko_init_alloc
                0x00009bb4                WDOG0_IRQHandler
                0x00009bb4                USART2_RX_IRQHandler
                0x00009bb4                WDOG1_IRQHandler
                0x00009bb4                I2C0_IRQHandler
                0x00009bb4                LEUART0_IRQHandler
                0x00009bb4                MemManage_Handler
                0x00009bb4                CSEN_IRQHandler
                0x00009bb4                LETIMER0_IRQHandler
                0x00009bb4                USART2_TX_IRQHandler
                0x00009bb4                WTIMER0_IRQHandler
                0x00009bb4                ACMP0_IRQHandler
                0x00009bb4                GPIO_ODD_IRQHandler
                0x00009bb4                UsageFault_Handler
                0x00009bb4                SVC_Handler
                0x00009bb4                CRYPTO1_IRQHandler
                0x00009bb4                SysTick_Handler
                0x00009bb4                PendSV_Handler
                0x00009bb4                SMU_IRQHandler
                0x00009bb4                IDAC0_IRQHandler
                0x00009bb4                RTCC_IRQHandler
                0x00009bb4                USART0_TX_IRQHandler
                0x00009bb4                GPIO_EVEN_IRQHandler
                0x00009bb4                TIMER0_IRQHandler
                0x00009bb4                TRNG0_IRQHandler
                0x00009bb4                USART1_TX_IRQHandler
                0x00009bb4                TIMER1_IRQHandler
                0x00009bb4                MSC_IRQHandler
                0x00009bb4                PCNT0_IRQHandler
                0x00009bb4                NMI_Handler
                0x00009bb4                CMU_IRQHandler
                0x00009bb4                Default_Handler
                0x00009bb4                LDMA_IRQHandler
                0x00009bb4                DebugMon_Handler
                0x00009bb4                BusFault_Handler
                0x00009bb4                ADC0_IRQHandler
                0x00009bb4                CRYOTIMER_IRQHandler
                0x00009bb4                USART1_RX_IRQHandler
                0x00009bb4                I2C1_IRQHandler
                0x00009bb4                LESENSE_IRQHandler
                0x00009bb4                VDAC0_IRQHandler
                0x00009bb4                EMU_IRQHandler
                0x00009bb4                CRYPTO0_IRQHandler
                0x00009bb4                FPUEH_IRQHandler
                0x00009bb4                HardFault_Handler
                0x00009be0                USART0_RX_IRQHandler
                0x0000a0f8                sli_bt_cmd_gatt_write_characteristic_value_without_response
                0x0000a174                sli_bt_cmd_le_gap_bt5_set_adv_parameters
                0x0000a268                sli_bt_cmd_le_gap_end_procedure
                0x0000a2b0                sli_bt_cmd_le_gap_discover
                0x0000a370                sli_bt_cmd_le_gap_set_scan_parameters
                0x0000a3dc                Reset_Handler
                0x0000a464                gatt_db_get_att_len
                0x0000a4a0                get_client_conf.lto_priv.816
                0x0000a4c4                gatt_db_user_value
                0x0000a580                gatt_db_get_char_properties
                0x0000a5c4                gatt_db_handle_inrange
                0x0000a5dc                gatt_db_handle_active
                0x0000a60c                gatt_db_find_by_type_value
                0x0000a69e                get_client_conf_index.lto_priv.817
                0x0000a6e0                gatt_db_get_client_conf
                0x0000a744                abort_long_write.lto_priv.460
                0x0000a762                gatt_get_next_connection
                0x0000a788                sli_bt_cmd_gatt_server_send_characteristic_notification
                0x0000a85c                gatt_start_procedure_timeout_timer
                0x0000a868                sli_bt_cmd_gatt_discover_characteristics
                0x0000a8e4                send_gatt_mtu_exchanged_event
                0x0000a90e                gap_notify_connection_parameters
                0x0000a970                gap_connection_complete.part.11
                0x0000ab34                gap_connection_complete
                0x0000ab8c                gap_encryption_changed
                0x0000abec                bgbuf_chain_add
                0x0000ac00                bgbuf_chain_len
                0x0000af24                gap_listener
                0x0000b0ec                bgbuf_prepend_no_alloc
                0x0000b12c                bgbuf_chain_pop_packet
                0x0000b152                bgbuf_append_data
                0x0000b176                DMD_writeColor.part.2
                0x0000b554                MSC_Deinit
                0x0000b568                MSC_Init
                0x0000b588                EMU_DCDCLnRcoBandSet
                0x0000b5b0                CORE_ExitCritical
                0x0000b5b0                CORE_ExitAtomic
                0x0000b5b6                bgbuf_free
                0x0000b62c                bgbuf_chain_defragment
                0x0000b6b8                bgbuf_chain_drop_end
                0x0000b6fa                bgbuf_chain_drop
                0x0000b728                bgbuf_chain_free
                0x0000b73c                free_params_data.lto_priv.459
                0x0000b746                end_procedure.lto_priv.461
                0x0000b782                gatt_handle_write_response
                0x0000b794                gatt_handle_execute_write_response
                0x0000b7cc                sli_bt_cmd_gatt_set_characteristic_notification
                0x0000b850                sli_bt_cmd_gatt_discover_primary_services_by_uuid
                0x0000b95c                send_characteristic_value_event.lto_priv.586
                0x0000b9ce                gatt_handle_read_multiple_response
                0x0000ba96                gatt_handle_read_blob_response
                0x0000bacc                gatt_handle_read_response
                0x0000bd74                bgapi_ubt_listener
                0x0000c434                bgbuf_alloc_int.lto_priv.456
                0x0000c4d0                bgbuf_chain_append_data
                0x0000c686                bgbuf_clone
                0x0000c6f8                bgbuf_alloc_copy_data
                0x0000c722                ubt_gap_set_adv_data
                0x0000c7fc                sli_bt_cmd_le_gap_bt5_set_adv_data
                0x0000c860                bgbuf_alloc
                0x0000c86c                ubt_gap_set_le_mode
                0x0000ccc0                sli_bt_cmd_le_gap_bt5_set_mode
                0x0000cd50                bgbuf_split
                0x0000cda0                bgbuf_prepend
                0x0000cdc4                CMU_ClockSelectGet
                0x0000ce8c                SystemHFClockGet
                0x0000d000                CMU_ClockFreqGet
                0x0000d64e                _write
                0x0000d68c                _sbrk
                0x0000d6b0                _read
                0x0000d740                _lseek
                0x0000d744                _isatty
                0x0000d748                _fstat
                0x0000d752                _exit
                0x0000d754                _close
                0x0000d758                gatt_handle_read_by_group_type_response
                0x0000d814                gatt_handle_read_by_type_response
                0x0000da2c                gatt_handle_find_by_type_value_response
                0x0000dade                gatt_handle_find_information_response
                0x0000dc76                handle_scan_response_callback
 .text.unlikely
                0x0000ddf4      0x238 C:\Users\nick\AppData\Local\Temp\cclW87YU.ltrans0.ltrans.o
                0x0000ddf4                gatt_db_check_permissions
                0x0000df18                gatt_db_set_client_features
                0x0000df34                gatt_db_set_hash
 .text.startup  0x0000e02c     0x1eb0 C:\Users\nick\AppData\Local\Temp\cclW87YU.ltrans0.ltrans.o
                0x0000e02c                main
 .text          0x0000fedc     0x638c C:\Users\nick\AppData\Local\Temp\cclW87YU.ltrans1.ltrans.o
                0x0000fedc                s9fa6a7992236cbdf1a70bc9ae60809cef1194c21359fbfb70b63bbee005503e0.lto_priv.578
                0x0000fee0                sc4ef83f5d69424648b8fa4a1bdd1c9ce671ced14c51084de64b2bc8a55d5b15b.lto_priv.687
                0x0000ff14                RAIL_YieldRadio
                0x0000ff16                s99247a13600cc94447e5063ff3d9d528fa42caee79b8421c841c4cb2068abe32.lto_priv.661
                0x0000ff64                s28e26535fd1cf57ff975d85f72c926785bcb404fcd950efccdd1b30764021ac2.lto_priv.666
                0x0000ff8c                s5968930679cdfba663ce6a65380fcce9d2b72283802e55f2cc38c2dd8f08e3b6
                0x00010018                s663e298761abdb34a6fe381104b481a37e03078d5e4aa1479079ab277b517f63.lto_priv.580
                0x000100e0                s00c53429aa21d56476541b58d6a0f54b4ddaaa3b975ee7a2c2af27f617db04ab.lto_priv.579
                0x00010158                s0e70d9e37a851e818e1537f22d2f908365e9599699fbede2fe92e3b49a06ecae.lto_priv.689
                0x00010190                sfc7f5b567c55c81ed0021fd96d73c1baf659fd46b580bcdca4717caf7f29a994.lto_priv.688
                0x00010306                s28fdaee4046a7fe24a71560afd3f94719f40523563f184ced089a2d1d7e35ffb.lto_priv.662
                0x00010754                s5d5f78415e16d01f1573ea6cb681ba7b09d3f311739586a9e71f1b54a68e948f.lto_priv.412
                0x00010780                s8a1ca46bd19a291207d6f09ebeaf445387512104e47e0663cb3c8815f788a621
                0x00010792                s18a0deaf37c2ba3478e537ba2ffc1a97bdbbc7794d3c0a844b9d8e2fbcb07dc0.lto_priv.487
                0x000107b6                s7cacd8ea75459b535afb1bbf297628be11df7c8fb6bba1042b8811b094460fc7.part.1
                0x00010860                s4f0fc0e43cfd8078757fd6ed5b0168fd9702536b2b79b9794ad55dbb11073c1d
                0x000108dc                s324767d17616afa152776981a2a5b05ea9ee09387e7eafd28d3c6c89b47ab7cc
                0x00010a9c                s426d1f1e1b89a49c49f5cd140d30657035ed680c292af87fabae3486ac39e71c
                0x00010bd0                sb1b60cce7802c1071e622f71053971ab1033b7b84388a2ceadd1d63752b8990e
                0x00010d08                sb564625cd3754c3acd529d80381efe4e61f4bd41c05468aca4ec27501659d3e4.lto_priv.721
                0x00010e50                s8cbc7a0d53f7abdbe641fa303de762d166cb64d64ddf73c0380c5f7c504ae91c.lto_priv.686
                0x00010f34                sd5e39a1482b29ac5b547621924e62b87f1fc9f8fb3ccc48a9bebf3aae1bed34b.lto_priv.479
                0x00010f88                sbd5fc61e9c53ea580a9015c6d8b083c4fbbb2ff5933da321a3b7cb5ebf6b4df7.lto_priv.722
                0x00011044                sbfa778a2f48c8f97f97f7d7c22f36cf85b03dcdddea821b9273ac0b87ccaa2be
                0x00011094                s41b418d2cf5ee28963066b1a97d0079ad8963da4df17a7e102dff26a97a12417.lto_priv.714
                0x00011238                s25badb113425d0e860d00b5440fd3f1bdcd02127d163a46ef5136b08d529d70a
                0x00011474                sc90f2449c52d439efa6beba526f1df93909192986fdcba1a5a5edb12bf94a18c
                0x00011480                sd3bb986c0d4dfcf4fd5fb5c6e31980789e42b943a4fe09f96e846e70578b43af
                0x0001149c                sd70de365656160d60304b0d820f9f1de65715665996197597a9a8678dd6cf4ef
                0x000114c0                s53a0b577dd68b7607d0acf920460f61f4957fa1c2efc8a7d506227f1e1d43030.lto_priv.723
                0x00011588                sadf471713330de5bbed72ae4dba186aa675612eb1432272fc64846fa5da9900f
                0x00011630                _mesh_foundation_send_byte_array_impl
                0x000116e4                se3e99feae85b468e1942ec037d83b75426fce779c9b0668cfae5c7eb15e95412
                0x000116fc                s0e7a910cd102ba20641bb067225c866c17110f52901941817220c7ea7a298f33
                0x0001172c                s027f2fee3cda9d88005411256629591d621eb4e04e6bd97768d914e3ce5e0557
                0x0001175c                s4898635415100eaf11b4b6a63631359e384c720116c353ec90de052ff0980d12
                0x000117d8                s911acfbf2278cfb3903bc392af2a647c72ac5e23dcf6c2e43403a1c87e0d9bcd
                0x0001181c                sa69e34a7d49df06b5bf43190378ad3602a5b3e4d29d31636aea367f40b0d5453
                0x00011858                sbedd39b75744b6905bdc590404b0176ed40a6f2577ab0c6ee9ad1891bd814c95
                0x00011a08                s4d8dd0ab2d0a895b295d62135bc6b5ed19ff9b2b22662882af05bfc6d896ad9d.lto_priv.594
                0x00011a38                s547015bbd9c4c026ef38101006c9fe1d958ee6a12ac3448784575ea823e8865c
                0x00011a62                s48e6c3d65506cdec9b4aca5377fa9acf03947c0fd861e659f4bc737262de18aa
                0x00011caa                s7a9c98bb1f093521999be89f56a38a298b0fcbca5b1ff1b35b0e249c2fe22101.lto_priv.706
                0x00011dd8                sa292e026fbac5f5636436dec501257974422444b10312768b20e806f4a3cfc17
                0x00011ecc                sf32a9ee58fcf1f5b8fa39dd54958bc1d7fcb41b84e10e4f3521f839785d54e7b
                0x00011ef8                s339790cfd53b3752cb1c092da9d42c4f090019ad4161b0753f6ee53067d3d26c
                0x00011f24                s5a1541be374e00f389d2cae384dbe12e524704031907f9ff8a359b34c986b282
                0x00011fbc                sa99aaa923673f65036d2e6fca9c40141a28aa5a9f9efef991bbaff19d0a8ffae
                0x00012244                sea4f20cc6be8bf521b3397778df740e08c48a807be574ef9fc56d80ad95df8fb
                0x00012364                s3b7aefc271db4404b9d77d9f55ce241866fb2403ecaa527f4dc35137ddfcf995.lto_priv.606
                0x000124f0                s84469eb369bc61697a7f7d8fe0387b004c3e5bb7dd3fb4001f3baf3b47a8e66d.lto_priv.577
                0x00012564                sb977c6ee1159cfcba9b9af0eda7b8e0f58edd4ccecabfb097c94ca4b38de7603
                0x000127e8                s483273f1d6107e70cc5f627be61aff7e41f40f2835e90fad2078661fffef2afb
                0x00012f98                s9587a77cb4960a13252e7dc3ce40a0c3ebf6debee28ffd252d917a8dbd9f7da7.lto_priv.690
                0x00013260                sb140fc5844040c9617ce172609fac992f700d69aef4c540c76d8a66aed425dd8
                0x00013ed6                s5683ac3d10932da2742600a2156fe77292087c6ad6f69b1059006d912b7558d8.lto_priv.665
                0x00015fe0                s99dc0a91028c3252171ccdad6df6ee5fec281d6b8bbb11b7dd1036f3d7f9f0f8.lto_priv.660
                0x00016180                s3b2cc90b49b6199e1a04079238c3f7e7aff038ebd8da080d58b6f538d6006ab2
 .text.unlikely
                0x00016268      0x310 C:\Users\nick\AppData\Local\Temp\cclW87YU.ltrans1.ltrans.o
                0x00016428                sa7568c0a9bf84dc3f99515d6781bd54284bdf24af436920994e546744575d7a6
                0x00016472                sd23412c38cde26f73a79d65d966e27728c3eb2ddfe9e2164b2cc3c4b8e8bd790.lto_priv.593
 .text          0x00016578     0x58b8 C:\Users\nick\AppData\Local\Temp\cclW87YU.ltrans2.ltrans.o
                0x00016578                sacdef16000f30e553e58dba8e2dc4a1e4f88ba54f3ab06b275755c8c421b1556.lto_priv.581
                0x000166a4                s9f99f68c3e12dda8482c07605eb32a2ab8525a42b6e776e489f0642862382303
                0x000166a8                s2f6e9f6656a2573b533508cab6e520c7aee0229e6981c648b2ef56fca2a81798
                0x000166f8                PRORTC_IRQHandler
                0x00016708                RFSENSE_IRQHandler
                0x0001670a                getMultiTimer.lto_priv.749
                0x0001670e                isMultiTimerExpired.lto_priv.748
                0x00016712                cancelMultiTimer.lto_priv.746
                0x00016716                isMultiTimerRunning.lto_priv.747
                0x0001671a                setMultiTimer.lto_priv.745
                0x0001671e                s331c895e5551cf5fb6a916f688709c1632804f3aa77325bc049827b3a5314e8a.lto_priv.859
                0x00016ae0                sfd632f6187d496c5377cfc5f9002f52c2eab46d5b23375edcccf7262b9d2b9f9
                0x00016df4                s08bbc225ae43b410ce5966471c60ce48e4428870da75648c2605354ad07bbaf6.lto_priv.858
                0x00016df6                sli_bt_cmd_mesh_node_start_unprov_beaconing
                0x000172b4                s2e621473e6fee42789bd64430136bb1476fee34fc23c460e986d6c09e79252cf.lto_priv.640
                0x00017310                s14c3631231a96bfba0173d2dfb3058b59ef0c23d14c26d3a6ad8ab74e56d9012
                0x0001734c                sa3683a90f8c454fca1799911fb3b93a34e5ec6f25d47dad2763bf7c4244df4f7.lto_priv.582
                0x00017388                s25660ceedc9b5284f0fb12e0d277384e5ff756055cac1172ad1cc2bb2ec53dde
                0x00017400                sfa3584d771641e3ad1514c8c8856e7369a71a499cdebc07de51d80b98fc010eb
                0x00017470                s5ea168418b9e98cbbe69b8984be4121385386e9e1d8cb2ccd1feab99d70240ba
                0x00017560                s68e5b249beee57438b1645e2f14cf4493abe281c81cc83069bf914b396cd9f1a
                0x00017578                s6fc749cb5cb416b4d75fa44690e9a65307d8a96c0b44814e9a858453a5c8acc4
                0x000175c4                sbebff3364fd5238239fc9ab5e58ad3bf9d33e11c1a9a0a06a1fe32d3522152df
                0x000176c0                s1b63672c73d9e4ed9541f7147435b15f1c74e1293eaf74e46f654d6186ae0f6a
                0x00017700                sdd49c2a2aca7c9958ff5bfe0ea33dc234ef0f438158e13422e4f0919c7815700.lto_priv.648
                0x00017734                s61a24ba6b77a5aac8bd2d0b8e86e312841afa798e8baa72b65f5b96a3adf2023
                0x00017754                sb367854f05f10aae277622d2d6e47d50d0049a51c08ccbe31ab285bb24e160b3
                0x0001776c                s85f5e8c7ed1f522f80f6b25686483e82eec36603dc7ba51910fa3e70b8fec2a8
                0x0001778c                sc22434da915d13dd559f4d5b016a7d5532ba1b09468c063d2c63654221a57b55.lto_priv.647
                0x00017880                se3764a196206ca766447568e6c82eb3806cc5ee0bd40334c85ea4ac7fec8705e.lto_priv.646
                0x000178e4                s136e1bc8efb525854e26cee045740f2824dfb5e83d76f455c38b4d485e2344dc.lto_priv.626
                0x00017914                s65dfb07cd812848aa1858cedfb2ff8b6c2c79d64ad76ddd38e73ca9c4fe0d2c8.part.1.lto_priv.592
                0x00017944                se9d619aef287acb08fe0d2bde04db10c30055922f976c7ff99d0506eef7607b3.lto_priv.478
                0x000179a0                s7e051d63df7ca099583d438115c61bdfac67c6a683414beb48520e7dc76a95b1.lto_priv.589
                0x00017a30                s8f4b3a6b330b7e42012bd297842a6e3185bd01d8b2dacabafd68080ae03fc7ad.lto_priv.597
                0x00017a44                s736505a4274c569e12a0e86b7e67987e435375b35d02460bcbf561844d625709.lto_priv.590
                0x00017a5c                s07be77694174a403fadddccc0d9187d02a8e4948693064d239e090b9336b45d3.lto_priv.595
                0x00017b28                s350422c62c29cea6e791d1a85dcc6c78784440f298bcd83ac054dbb0672478f3.lto_priv.591
                0x00017b58                sa3c2329a7f8a417e147d216d901dc01a32f8b8a503f321ba4b83ff1860239a86.lto_priv.596
                0x00017c0c                s161f8085154d7df2d87b5847416273a7f60bfbaa27053405c4a06c9b15671f13
                0x00017c3c                sb8d355a43d5c9adbe2287d527747031a2cad8759b446b653e7c2350299faf19b.lto_priv.588
                0x00017c5c                s4ebc34f1f9c2699c3d037e561b1c34e6277128999d9be5c92b405eb3b2cb935d
                0x00017c78                s4d0733ad5102192333e91b15eea93a28ad50431aaf0b1004e6933f1cb104fd26
                0x00017c90                sfb0cf9f3aa70a4af2a1cfde3374d0d54865cc6c44e311dcd7e682da8285f43e9
                0x00017cdc                sb9f0d8529a6fc3d82730fac11d89457e13e5eb420a7c34bf4412c38fa0adc9b5
                0x00017d38                s46db9b715a4820480efe1ee195972a520fb3bb39ec8b53397343b194a8869f79
                0x00017d8c                s617c6f8877117e120d595d0de0457a6bf92dd926ddc58b06e347f72ba60a14f1.lto_priv.641
                0x00017dac                s5d4018a70f779192747a04c0716e6ed1fe8990fafa83fa7fa3f707fe2422f825.lto_priv.642
                0x00017dc8                s533905622e49b3a027cad67afcb6ff2a9065596fbd38ebe1361793d10739c51c.lto_priv.607
                0x00017dd8                sc8e0a9519f69843450b17a685cb24d6de8d33ba1c7bacb5069f2deb99f3fb52a.lto_priv.627
                0x00017e34                s147cefb2a5888d0fcf53d105618361d73e7a4ee6a09140473bdee06028cf9b21.lto_priv.628
                0x00017e82                sae2642936dafa943bf48b9c2cb87216d53a4f6b997654b01a62fc8dbc3268b8b
                0x00018274                s02b4732fefe1d17ca9c9f0108e5cccca6ce4f40315bd8bc6c0cdeeb2d1015b98
                0x00018358                s7015d384062796dcb39fa832a3ca5b2e4c8a1d67b099e2b7ed30989accb024b4
                0x000183a8                s381e7fa1a4f379fedbbe39234696bce7c10feab0b874b05afea87af4ce2688ce
                0x000183f4                se62eead9df124785de70ede5e458f367fd832b6904175b6d647eef29a5797c43
                0x00018448                sca28989cbffe143d753055fdcb457cc1469d8dbd974dad78e762b9355b9031a1.lto_priv.587
                0x00018488                header_invalid
                0x000184a6                crc32_calc.lto_priv.525
                0x000184d4                find_obj
                0x00018530                flash_write_u32.lto_priv.524
                0x000185f4                erase_db
                0x00018624                s1ef3aee999bdb1cc0651e38c4c5bbbe26a4ecafa1026f2e7152ad312261f274f
                0x00018640                TIMING_NsToStimerTickCalc.lto_priv.808
                0x0001866c                TIMING_Recalculate.lto_priv.523
                0x0001885c                SYNTH_DCDCRetimeClkSet
                0x000188c8                SYNTH_RetimeClkConfig
                0x000189c0                SYNTH_LoDivGet
                0x000189e0                RTCCSYNC_RTCCClockFreqGet.lto_priv.887
                0x00018aa8                store_write
                0x00018d2c                RFRAND_GetRadioEntropy
                0x00018e2c                RAILCore_ScheduleRx
                0x00018fdc                RFHAL_ConfigRadio
                0x00019270                sb5e2649a7c3f7b6fb3108fe5866e94580ed1c707810dc65392a80e9f9f0715bb
                0x000192a0                sc0094f998bddd87d2138d84a8b8353768d11398c8ace09240960d4af0e4ce365
                0x00019348                sb7c7c8910b44c035b4ea689cf69d44d615ba99dff82b5ce2de4dc3bba89a2b5f
                0x0001941c                s0f8b71e683840c4f2d33ad06edd7ba8309757dfd250eba4fd003da087ef46dd5
                0x00019448                sc754346e6af317e995616d5f074f0028768f2fd1888c9805ab1a01fa17c928b4
                0x0001959c                sa3cd0ff9811455b7ed841381ee971ba42a73fad62a1d528d8cec173962775359.lto_priv.639
                0x00019734                s29ea2e000ca7364c78c98df71bf2036d2b34cbd777c4d1fd71bc7df88a1c16b3
                0x000197fc                s3f4c4b5760d16b7f14f05aa35bbcab34f552563f56146d878e38130eaec7c6bf
                0x0001984a                s9d0ba675f416cb47be552e0a40254ada7c781f31eff1f0fe1f9415e0960a7827
                0x000198ac                se727a5b96f79199f8092828f4b90ace10b069b437574bc1155eca0d6677df179
                0x0001a948                sli_bt_cmd_mesh_node_init
 .text.unlikely
                0x0001be30      0x280 C:\Users\nick\AppData\Local\Temp\cclW87YU.ltrans2.ltrans.o
                0x0001be30                s5327e2fb0fd7b9d7d7ad64ee7f22208c0f652609683ac9ec9d336fe1dd2a682a.part.3.lto_priv.599
                0x0001be94                s84eb7f4576c615df598783bc616615d80ebeb7e2e775867d085dfb5563e3d6a5.lto_priv.598
                0x0001bec8                sc91e69ee7e8ae1b7e4b3cd655adfbbabe52afb5edf837b380371334723b8056a
                0x0001bf68                s71bca7ac63ffcb0780ceea9b19a51002794c67c9e77875922060e9b7438bad30
                0x0001bfb4                s4ef191d638c6974e98bd7283a55a808217e204fae183eda6fb37a2973e418781
                0x0001c010                s4725947578de123c99b96270f9d7c17de2bae2fab46c72d4e607f2116c810f4c
                0x0001c044                s9599387039e867a3cda191276edf47d1cafa6d91321718212a305c9ddba34ce2
 .text          0x0001c0b0     0x5224 C:\Users\nick\AppData\Local\Temp\cclW87YU.ltrans3.ltrans.o
                0x0001c150                ll_radioTimerExpired.lto_priv.732
                0x0001c174                ll_llcpCallbackLocalTerminate.lto_priv.744
                0x0001c1a4                bg_pre_sleep
                0x0001c1a6                bg_post_wakeup
                0x0001c1a8                ll_bgbuf_callback.lto_priv.877
                0x0001c2f8                ll_scanExtScheduleAuxScan
                0x0001c340                ll_scanSetParameters.part.3
                0x0001c380                ll_scanValidatePacket
                0x0001c3ec                ll_scanBackoffProcedure
                0x0001c454                ll_scanNextChannel.lto_priv.770
                0x0001c540                ll_radioSetTxPowerRaw.part.0
                0x0001c560                ll_radioRawToTXPower
                0x0001c618                ll_radioLoadPacket
                0x0001c668                ll_radioGetPacketTimeWithPhy
                0x0001c68c                ll_radioConfigurePhy.lto_priv.526
                0x0001c740                ll_radioConfigureChannel
                0x0001c828                ll_radioRandom
                0x0001c842                getSupportedPhys.lto_priv.766
                0x0001c864                ll_llcpSend
                0x0001c87e                ll_llcpSendReject
                0x0001c8ba                ll_hciCall
                0x0001c8dc                ll_hciSendHCIEvent
                0x0001c8e8                ll_hciSendAdvSetTerminated.part.3
                0x0001c922                ll_hciSendEncryptionChange
                0x0001c952                ll_hciSendLeConnectionComplete
                0x0001ca3c                ll_scanCheckStop.lto_priv.769
                0x0001ca50                ll_hciSetCommandStatusHeader
                0x0001ca68                ll_hciSetCommandCompleteHeader
                0x0001ca8a                ll_hciCmdSetAdvertisingSetRandomAddress
                0x0001cac8                ll_hciCmdSetExtendedScanResponseData
                0x0001cb04                ll_hciCmdSetExtendedAdvertisingData
                0x0001cb40                ll_hciCmdSetExtendedAdvertisingParameters
                0x0001cd24                ll_hciSendGenericCommandComplete
                0x0001cd32                hci_command_alloc
                0x0001cd60                hci_le_set_extended_advertising_enable
                0x0001cdb0                hci_state_listener
                0x0001cde4                hci_increase_token.lto_priv.457
                0x0001cdf6                handle_bgapi_output.lto_priv.585
                0x0001ce6c                sli_bt_cmd_handler_delegate
                0x0001cebc                send_notification.lto_priv.884
                0x0001cf66                gatt_server_send_characteristic_status_event
                0x0001cf98                gatt_db_find_group_end
                0x0001cfe0                gatt_db_find_attribute_by_type
                0x0001d018                gatt_db_get_16bit_char_handle
                0x0001d0bc                gatt_server_report_gattdb_change
                0x0001d150                gatt_db_set_data
                0x0001d2dc                finish_execute_write_req.lto_priv.885
                0x0001d388                gatt_db_get_data
                0x0001d42c                ll_scanCreateConnection
                0x0001d620                ll_startOrQueueProcedure
                0x0001d67a                ll_llcpFeatureExchange
                0x0001d7d8                ll_hciSendNumberOfCompletedPackets
                0x0001d884                hci_send_acl
                0x0001d9c0                l2cap_message_handler
                0x0001d9f4                l2cap_send_fixed_channel
                0x0001da36                hci_send_command
                0x0001da70                hci_le_ltk_reply
                0x0001daba                hci_le_start_encryption
                0x0001db0a                hci_close_acl
                0x0001ef50                ll_radioReadRxPacketDetails
                0x0001f19c                ll_radioSetMaxTxPower
                0x0001f1ec                ll_radioSetRfPathCompensation
                0x0001f2c8                ll_radioStop
                0x0001f2f8                ll_scanExtEnd
                0x0001f330                ll_scanConnectionStart
                0x0001f3fa                ll_radioTxAfterRx
                0x0001f414                ll_scanSendScanReq
                0x0001f468                ll_scanCheckConnectReq
                0x0001f560                ll_radioTxSchedule
                0x0001f61c                ll_radioTxStart
                0x0001f774                ll_radioRxAfterTx
                0x0001f794                ll_scanTaskTxHandle
                0x0001f7b8                ll_radioRxSchedule
                0x0001f824                ll_radioRxStart
                0x0001f884                ll_llcpSendLengthReq
                0x0001f8f4                ll_llcpHandleFeatureReq.lto_priv.763
                0x0001f950                ll_connSetLlcpCallback
                0x0001f9b4                ll_connClearLlcpCallback
                0x0001fa8c                ll_llcpPhyUpdate_sender.lto_priv.739
                0x0001fb48                ll_connAbortLlcp
                0x0001fb72                ll_llcpCallbackPhyUpdate
                0x0001fbb4                ll_llcpLtkReply.part.3
                0x0001fc6a                ll_llcpCallbackEncryption.lto_priv.736
                0x0001fe20                ll_llcpCallbackChannelMapUpdate.lto_priv.737
                0x0001fe6e                ll_llcpLinkLost
                0x0001fea8                ll_llcpStartEncryption_sender.lto_priv.740
                0x00020024                ll_llcpReadVersionInformation_sender.lto_priv.742
                0x000200c8                ll_llcpUpdateChannelMap_sender.lto_priv.503
                0x00020130                ll_llcpConnectionUpdate_sender.lto_priv.741
                0x000201e0                ll_llcpCallbackConnectionUpdatePreListen.lto_priv.738
                0x00020220                ll_llcpHandlePacketCommon
                0x00020540                ll_radioInit
                0x00020d38                ll_radioReadRxPacket
                0x00020fbc                ll_scanTaskPrimaryHandler
 .text.unlikely
                0x000212d4      0x294 C:\Users\nick\AppData\Local\Temp\cclW87YU.ltrans3.ltrans.o
                0x00021430                ll_llcpUpdatePhyAtInstant.lto_priv.765
                0x00021480                ll_llcpMasterUpdatePhy.lto_priv.764
 .text          0x00021568     0x5f40 C:\Users\nick\AppData\Local\Temp\cclW87YU.ltrans4.ltrans.o
                0x000215a0                eventDefault.lto_priv.787
                0x000215a2                radioConfigChangedDefault.lto_priv.494
                0x000215a4                BG_PRORTC_IRQHandler
                0x000215d4                smp_listener
                0x000215f4                smp_state_handle.lto_priv.868
                0x00021624                smp_l2cap_handle_impl.lto_priv.866
                0x000216c8                ll_task_default_callback.lto_priv.876
                0x00021728                smp_get_random_data.lto_priv.433
                0x000219dc                ll_scanTaskExtConnectReqSent
                0x00021a70                smp_message_listener.lto_priv.864
                0x00021aa0                RFHAL_GetBitRate
                0x00021b64                RFHAL_GetRadioState
                0x00021bac                isTransitionState.lto_priv.810
                0x00021bbe                RFHAL_BLEPreambleSyncWordSet
                0x00021c04                RFHAL_IsBleLongRangeEnabled
                0x00021c1c                RFHAL_WriteTxFifo
                0x00021c7c                RAIL_ConvertDbmToRaw
                0x00021d68                uuid_to_handle
                0x00021dcc                timer_get_time
                0x00021df4                smp_alloc_bgbuf.lto_priv.815
                0x00021eb0                smp_ah
                0x00021ef8                sm_pairing_failed
                0x000247e2                smp_ltk_request_handle_impl.lto_priv.870
                0x00024878                usch_SendEvent
                0x00024888                usch_Schedule
                0x000249cc                usch_RemoveTask
                0x000249fc                add_task.lto_priv.527
                0x00024a50                usch_currentTaskRemainingTime
                0x00024a64                ll_to_hci_event_handler.lto_priv.878
                0x00024cb8                RFHAL_NotifyUserOfIrCal.lto_priv.807
                0x00024d50                BTLE_LLToHCIEventSAP
                0x00024da8                BTLE_LL_EventRaise
                0x00024dc4                ll_scanExtReportPacket
                0x00024e40                ll_scanExtRxProcess
                0x00025136                ll_scanTaskSecondaryHandler
                0x000253cc                RAILInt_SetChannel
                0x000255a0                RFHAL_SetTxPower
                0x000255da                RAILCore_ConfigChannels
                0x00025620                GENERIC_PHY_EventCallback
                0x00025824                gecko_priority_handle
 .text          0x000274a8     0x5a10 C:\Users\nick\AppData\Local\Temp\cclW87YU.ltrans5.ltrans.o
                0x00027564                sbea631b5cfa658c217cb06e986c1c6402bac1e946affbb416c60255c5d8a90c0.lto_priv.699
                0x00027614                s461b274d26526a54f084ccd4ee5d975282d4852ce1e0ba9c9b032ffb6a5a6e85
                0x0002766c                ccm_aes_setkey_wrap.lto_priv.453
                0x00027670                aes_ctx_free.lto_priv.452
                0x00027684                aes_setkey_enc_wrap.lto_priv.449
                0x00027688                aes_setkey_dec_wrap.lto_priv.450
                0x00027734                aes_crypt_ctr_wrap.lto_priv.448
                0x00027778                aes_crypt_ecb_wrap.lto_priv.447
                0x0002777c                ccm_ctx_free.lto_priv.455
                0x0002778e                bgapi_test_lib_msg_handler
                0x000277e0                att_gatt_client_handler
                0x00027b64                s60f407088f74729ad9ebe063cd29f95c026cfdfd4ab1336d4af32bb5a4aefa0b.lto_priv.656
                0x00027bca                s54c7a1fefe1eb06b6629502dafd92ba9d61abb6228b962743ad53a7c47c83b16
                0x00027c6e                cmac_xor_block.lto_priv.545
                0x00027c84                cmac_multiply_by_u.lto_priv.546
                0x00027ccc                mbedtls_cipher_update
                0x00027d70                mbedtls_cipher_setup
                0x00027da4                mbedtls_cipher_free
                0x00027dd4                bondingdb_find_by_data.part.2
                0x00027e2c                ubt_sm_get_bond_data
                0x00027e5c                ubt_sm_set_bond_data
                0x00027e8a                ubt_sm_delete_bonding
                0x00027f44                bondingdb_count_bonds
                0x00027f5c                ubt_sm_alloc_bond
                0x00028044                mbedtls_mpi_cmp_mpi
                0x000280c4                mbedtls_mpi_cmp_int
                0x000280de                mbedtls_mpi_bitlen
                0x0002811e                mbedtls_mpi_free
                0x0002814a                s5b15de2975419657a4becd034412681a38ac929fe3e10d763fba289fb31429e1
                0x000281d4                mbedtls_mpi_init
                0x000281e2                bg_random_get_data
                0x0002825c                bg_pool_free
                0x0002829e                bg_pool_alloc
                0x000282b8                bg_message_run
                0x0002833c                bg_message_call
                0x0002836a                bg_message_remove_receivers
                0x0002839c                bg_message_remove_receiver
                0x000283d2                bg_message_send_later_alloc_pool
                0x0002845c                bgapi_hardware_soft_timer_listener
                0x000284c8                bg_message_cancel_matching
                0x00028520                bg_message_cancel
                0x00028526                bg_message_send_later.lto_priv.552.lto_priv.773
                0x00028526                bg_message_send_later.lto_priv.554.lto_priv.755
                0x00028526                bg_message_send_later.lto_priv.553.lto_priv.883
                0x0002853a                bg_message_send
                0x0002853e                bgapi_sm_listener.lto_priv.861
                0x00028640                bg_malloc
                0x0002865e                bg_message_add_receiver
                0x00028682                bg_zalloc
                0x0002869a                aes_ctx_alloc.lto_priv.451
                0x000286ae                ccm_ctx_alloc.lto_priv.454
                0x000286c6                mbedtls_mpi_grow
                0x00028718                mbedtls_mpi_shift_l
                0x000287a6                mbedtls_mpi_lset
                0x000287ce                mbedtls_mpi_shift_r
                0x00028842                mbedtls_mpi_read_binary
                0x000288a8                mbedtls_mpi_copy
                0x000288fc                mbedtls_mpi_mul_mpi
                0x00028efe                mbedtls_mpi_mul_int
                0x00028f18                mbedtls_mpi_sub_abs
                0x000290a6                mbedtls_mpi_sub_mpi
                0x000290ec                mbedtls_mpi_add_mpi
                0x00029130                mbedtls_mpi_mod_mpi
                0x000294c6                mbedtls_mpi_shrink
                0x00029594                bg_event_allocate
                0x000295c0                bg_bit_popcount
                0x000295e6                att_buf_send
                0x000295f0                att_send_pdu
                0x000295fc                att_send_prepare_write_request
                0x000296a8                att_alloc_pdu_copy_data
                0x000296de                att_alloc_buf
                0x000296f2                att_alloc_pdu
                0x00029702                att_send_execute_write_request
                0x0002971e                att_send_find_information_request
                0x00029742                att_send_execute_write_response
                0x0002975c                att_send_write_response
                0x00029776                att_send_error_response
                0x0002979c                acl_find_by_addr
                0x000297cc                acl_find_by_index
                0x000297e8                acl_find_by_hci_handle
                0x00029804                acl_release_
                0x000298ac                s530a725ea4e968dce8493bb59ddf1725d666b05965c2456133e8cb398305952e.lto_priv.709
                0x000298ea                s31bd53801487c9c335fd2aba8a97f4ce63787e8edac91ffe40c63ae80267903c.lto_priv.708
                0x00029914                s53e14d4ab22cc138350f35ef0a0a8834adb5dd6c518c1361a556396c4d99a9ff
                0x00029b60                s59dfa4700c21a238705a7f35cda95d9f47e1906e40c9f8c8919461dec07940d9
                0x00029be0                sd8da9eefc46240efc2b5f3cb095184257e8fd5e65e490b5d954f5cd7826f40bf
                0x00029c6e                s1000b7dd5c9483f8820f5cf52592da0f4ffc8ad772719a3f5d330dc069339227
                0x00029ce4                s5b722ab2184854ba821fae66dde3863386af558adca55892c81d7eb101324024
                0x00029dbc                s49ff828ff0edfe9aad6f8c643fe32191184fac27321435ab2d1d928a24acb5b3.lto_priv.704
                0x00029de4                se2cb9309aedf6c55c3617c99b8845065f4aad6b3ea4e231d2681e30038969c58.lto_priv.701
                0x00029e14                s4bbea346f32f49e2abf71e30fc9dfdd39065a9f68c857cdbdadca12d1115dabf.lto_priv.700
                0x00029e48                s8c0ca19694ac49a8a8c4bb3adbb4c2b07dbfeebb2d7d70f598f73da6027f234f
                0x00029eb4                bgbuf_copy_to
                0x00029eb4                sd8266ded2516d3b5ecad080ede5ae334b39367fba15a8996f12eb9880aae1889
                0x00029f5a                sbd4787e6e31d64b0bad6fd14f92063bc2405aef3b68272a293c9f59552af297e.lto_priv.707
                0x0002a10c                s2bc520e8602a1337ab3f9068e85d68ebc3b3677753e7f66a800487dc0e2e9b3b
                0x0002a1c8                sefe29c2cd65e8453df3ca8b367a3aa06f3780f8562db08359d46b21f7f3a637e.lto_priv.703
                0x0002a248                sca6b5a64a1b9ae36fdb101a9fde07e8624609ce1a8f4266cec44cf1875b4e5e3.lto_priv.702
                0x0002a418                swapl.lto_priv.483.lto_priv.484
                0x0002a418                swapl.lto_priv.482.lto_priv.491
                0x0002a4b2                s319da882626c4946fe7a9f68061c6ddd629ffe957d94c9ff05b4efe5fa261289
                0x0002a59c                sd0070cb71ea918c5b8dd3c40357c3cd2a361b7ab179c87dc87542aee5ce8a495
                0x0002a5d0                s336e49e0e2ed918bbef8d098b20f5553aae75ade1aadc3dc4a0a3ca4bc52b4f7
                0x0002a6bc                sb14b66aa77136cc2cf64d2f05922bd17d2eb28e542ae2ef4e616b5794b01a492
                0x0002a718                sab5a86ace06121b69e5929893458f81fe595dd82738d7e15c7411c271d3c1f8e
                0x0002a73e                sc7b951acfc3ffff67bdbfcaa541b276192c4e7d0acc9e9cd28fb32f7e4e88433
                0x0002a760                sc3ecb55861cd36a68d1e14ac40f0d1927f0841c8376b004612c77262601ff1e0.part.0
                0x0002a868                s27cdb05b41796495e9cdcbf0cb46e18e0433d8a261afc7a86169f1969f8e9bfe
                0x0002a8b0                s8d3d0a337375f29b41ea220396bb49820cc02f72110f6655b0cd5d398d711579
                0x0002a8f8                s109c186e2a5cc86dc4f38b873d6f08af56e0e265c67dcfe956fb469964f0fa35.lto_priv.486
                0x0002a974                s33f88533281f2c90f59ffd702bda6b125402eec98bad82f58ea2923cec67a56e.lto_priv.410
                0x0002a9e0                s082cab1e5b7dc5980c7f4e6d42073c5bc160180d068be8341793b312e88fdd3b.lto_priv.485
                0x0002aaa4                sc002aa06593bd5f68ae2396532a376facfbb9a2d3da8c6dad261204f0b303549
                0x0002aaec                s1281427a44b9c0bf1a093d278f3be7d7a9375b106490d17e42756ab079690652.lto_priv.559.lto_priv.638
                0x0002aaec                s1281427a44b9c0bf1a093d278f3be7d7a9375b106490d17e42756ab079690652.lto_priv.558.lto_priv.634
                0x0002ab9c                s60069043de093d66c6bc943d077bd18ccffd40925abcb94099e10a1e0db2baa4.lto_priv.411
                0x0002ae54                sb9071e9815b2210206605e5791b08750c048a798d0fcb2fd0ac3a95ef2a85ad6
                0x0002aec4                sfa26325916ad7bb00a125438d154a695bc7d497f489899ac4e9f3399938839de
                0x0002af00                sa44d5b24b2456a37c2133b91c865a43d316af15d6abd28d1b3183b7b5c7278d9
                0x0002af3c                scae0a2d07b6f98fc4d9025bbb4d793e0c108b52f6c3090de4e6b9bd7fb5cbd39
                0x0002af80                sac0c3f99cddb66c083a35fd377fe47f453f7c2ba707ee5a0a13d28d96b9a8c7b
                0x0002afa8                s5c8f55f9c2af92068e7135434d71d3800de9b50e482ed3bec6ad0ae9f23786f2.lto_priv.468
                0x0002afcc                s867b5b6f3ff12e174404ef00fce310141b5cd89667b0610b3bc11a3409b62349.lto_priv.561.lto_priv.635
                0x0002afcc                s867b5b6f3ff12e174404ef00fce310141b5cd89667b0610b3bc11a3409b62349.lto_priv.562.lto_priv.726
                0x0002afdc                s715d4953126f7c149ff0b7f9bde9f0b92e6726d59705743f745ec506f788ff6f.lto_priv.563.lto_priv.632
                0x0002afdc                s715d4953126f7c149ff0b7f9bde9f0b92e6726d59705743f745ec506f788ff6f.lto_priv.565.lto_priv.724
                0x0002afdc                s715d4953126f7c149ff0b7f9bde9f0b92e6726d59705743f745ec506f788ff6f.lto_priv.564.lto_priv.629
                0x0002afe2                sd673c1f33baf53bc03030b2961575785feded41d1b974fb75eb6ae2b15186caf.lto_priv.569.lto_priv.705
                0x0002afe2                sd673c1f33baf53bc03030b2961575785feded41d1b974fb75eb6ae2b15186caf.lto_priv.572.lto_priv.633
                0x0002afe2                sd673c1f33baf53bc03030b2961575785feded41d1b974fb75eb6ae2b15186caf.lto_priv.574.lto_priv.625
                0x0002afe2                sd673c1f33baf53bc03030b2961575785feded41d1b974fb75eb6ae2b15186caf.lto_priv.575.lto_priv.720
                0x0002afe2                sd673c1f33baf53bc03030b2961575785feded41d1b974fb75eb6ae2b15186caf.lto_priv.473.lto_priv.474
                0x0002afe2                sd673c1f33baf53bc03030b2961575785feded41d1b974fb75eb6ae2b15186caf.lto_priv.566.lto_priv.643
                0x0002afe2                sd673c1f33baf53bc03030b2961575785feded41d1b974fb75eb6ae2b15186caf.lto_priv.571.lto_priv.637
                0x0002afe2                sd673c1f33baf53bc03030b2961575785feded41d1b974fb75eb6ae2b15186caf.lto_priv.567.lto_priv.719
                0x0002afe2                sd673c1f33baf53bc03030b2961575785feded41d1b974fb75eb6ae2b15186caf.lto_priv.570.lto_priv.645
                0x0002afe2                sd673c1f33baf53bc03030b2961575785feded41d1b974fb75eb6ae2b15186caf.lto_priv.573.lto_priv.630
                0x0002afe2                sd673c1f33baf53bc03030b2961575785feded41d1b974fb75eb6ae2b15186caf.lto_priv.472.lto_priv.490
                0x0002afe2                sd673c1f33baf53bc03030b2961575785feded41d1b974fb75eb6ae2b15186caf.lto_priv.568.lto_priv.718
                0x0002b006                s46eacaa83eccb242472226d343e021b3552f1078c56c230e81b2cb3515c70673.isra.22.lto_priv.712
                0x0002b144                sf11d50e84126982a35d3c0a4d21d76e2b58a7c36c1acf15cf2b2586e584014a8.isra.12.lto_priv.475
                0x0002b146                s5dce41e0e84aa346b17552800f45d7d9f4ee4782db10d12e38137b246b36febb.isra.8.lto_priv.713
                0x0002b148                s53a8d8f9ba676224d5976a257a073629b957e533126a6b2d1aa4192da4274b67.isra.7.lto_priv.711
                0x0002b14a                s9a5c33a28e6e31f2d1bb33c4ebe824b713183a4da915d832a1d40d7e1b7e90d8.lto_priv.622
                0x0002b1b0                s620e85e6a2bed72b872f6cfb60f59014ca77da2b101873944c79b4359d58d76c.lto_priv.623
                0x0002b1d0                sfa0689c7e86ece74822909b0bcfb807eb8d641f9014a4768da90028e67d3587d
                0x0002b236                s6acd83d657c749752d01993f5ba245a73c996934a65efaee2d2ffab2a5cedf98
                0x0002b268                sb04b40614d2906287dd79c9b7d82fa4fd1462f29d09e6d16c3e02a8a473f4856.lto_priv.477
                0x0002b2b8                s9d127e90f2c55410a0b077fbed1f4070a45ac0b12a26e3bf7e03760837dd59cd.lto_priv.476
                0x0002b4c8                s5df9bfce222a9433a34931c587bbe856eee016c5a0d32d4723d4bbecbb93e71e.lto_priv.624
                0x0002b500                sd31ee78f90743036bbfbd8cd8c3d9947094a479cf92fdcff547f62850566a886.lto_priv.470.lto_priv.471
                0x0002b500                sd31ee78f90743036bbfbd8cd8c3d9947094a479cf92fdcff547f62850566a886.lto_priv.469.lto_priv.489
                0x0002b500                sd31ee78f90743036bbfbd8cd8c3d9947094a479cf92fdcff547f62850566a886.lto_priv.636
                0x0002b50e                sbdffc1c42fa393bbf8f308547516449ab1515f56c02b138d71cbb75eafb78309.lto_priv.621
                0x0002b578                s7f3eca628f32ccd0050b57d5ccf82dcaf814bc1135eabe704a713d05bbd44b66.lto_priv.620
                0x0002b588                sf71dcde6c6eec8f4a11504bf6e4e4e55b6f3e65fb02756ee94534d956c7e87dd.lto_priv.617
                0x0002b5a4                s8837e3eaa88d1604db0e4b6507e5d7efcb185a1fe366adfdeb450d29ede8dee1.lto_priv.644
                0x0002b610                s660fa44a2e6aa9a31b888b9fd0d70973e7b6876564900848556b08177a449ad7.lto_priv.619
                0x0002b63c                sd4847bf92679b61b30ee40cf36b575f469f2b60ce6d1403ec55c6893f0f53303.lto_priv.611
                0x0002b6a0                s3f3b9339e4266315e95ceadad6ac9c0100cb646943c6fd9100442ae52c3d5d54.lto_priv.618
                0x0002b6d4                scd10bfc9ae3e7543bad911f50aec17aa5c121b46259066fbea8c078c9886a145.lto_priv.710
                0x0002b6f4                s2f69b2ed1087eb7eff845b163901161c96efada86515f625c9267381d45fc0ce.lto_priv.655
                0x0002b748                s5bb47a21373278bcb1de841fd60232f7726701336c7d5c8ca29f8c664b9748f0.lto_priv.612
                0x0002b884                mesh_trans_send_sdu
                0x0002bfa4                sfc8937cde3e8c1905b2c4eb27bb0ae38fe873dd5628ec420618d0c6d314c8a42
 .text.unlikely
                0x0002ceb8      0x468 C:\Users\nick\AppData\Local\Temp\cclW87YU.ltrans5.ltrans.o
                0x0002ceb8                mbedtls_mpi_safe_cond_assign
                0x0002cf20                mbedtls_mpi_inv_mod
                0x0002d2ba                s60621c9ccf32dbd71008140380f8fc263522fd76b0372779401cc60afcb8eb3f
                0x0002d2f4                s8a2d3a860fbeaa2e6a70ac61a4ede00dfc7ae0cf0f9cf23f4da3bd11ab9bb45f
 .text          0x0002d320     0x592c C:\Users\nick\AppData\Local\Temp\cclW87YU.ltrans6.ltrans.o
                0x0002d320                s1a269f99211f1729b4e6eb85f295e64a806fef788b3b0a83a8797e93c31191c2
                0x0002d420                SYNTH_IRQHandler
                0x0002d430                GENERIC_PHY_RxOverflowHook.lto_priv.788
                0x0002d6d4                s771332a3ba22254b803e76c14da1f0ffcefa31cf7e66c619e16ee2d70d3ce4cd
                0x0002d718                s38e9effa82574d511720802d990f046d2a0c9d07fdd1c6c582cef369f3428c35
                0x0002d758                sa68108f39ecd0fbd7daffbbe3dcde2d1020ad62778baf002323be11087760a69.lto_priv.856
                0x0002d76a                s127e394208bd49cf174cbb58d9beeb6d972ebbac342cc7098e934270149cb508
                0x0002d870                s941f7955615f8e0ce7592fcce5dff193b7f843bf1de974ccf2ae98c71715f056
                0x0002d890                s7cf837b8ce29dbbf2c322326d26514b0d4f1d4ba1d0011e4f63688ad9eb4cdaf
                0x0002d990                AGC_IRQHandler
                0x0002de1c                ecp_mod_p256.lto_priv.409
                0x0002e2e0                sfe5e8c5ba6df39fd2faeba0dd5f615ae3fae8843b979554fe37c1714ed8e6482.lto_priv.480
                0x0002e3d6                s836272eebd4118a29d3d1a50117fff7ba9d4e5ad6186b600284b0bff62da3784.lto_priv.481
                0x0002e4ac                s43ecaa2880c251d7cdb8e9816de9aa096ef54e6178dbca2d37f62d37bc9249ff.lto_priv.488
                0x0002e5e8                s4d40c8c7efb565430b030a683b12b3550fdbb46cf4bb5fe1d9d71200ca4fb110
                0x0002e6fc                s65981de65dff4d11e25596d9ce9504db944ed7abef4151fafc29f8e60a8e154b.lto_priv.888
                0x0002e774                RADIO_RxTrailDataLength
                0x0002e7b0                RADIO_ClockFreqGet
                0x0002e7ec                RADIO_RACStateGet.lto_priv.495.lto_priv.772
                0x0002e7ec                RADIO_RACStateGet.lto_priv.496.lto_priv.750
                0x0002e7ec                RADIO_RACStateGet.lto_priv.497.lto_priv.811
                0x0002e7ec                RADIO_RACStateGet.lto_priv.499.lto_priv.754
                0x0002e7fc                RAC_RSM_IRQHandler
                0x0002e84c                PROTIMER_PrecntOverflowToUs
                0x0002e87c                PA_SelectBand
                0x0002e8dc                PA_SetRampTime
                0x0002e9f4                PA_SetPowerLevel
                0x0002eb28                GENERIC_PHY_PacketTxCommon
                0x0002eb68                BUFC_WriteBuffer
                0x0002ec14                ubt_pskey_read_callback
                0x0002ec30                ubt_pskey_write_callback
                0x0002ec4c                ll_linkGetWindowWidening
                0x0002eca4                ll_connEncDataToBuffer
                0x0002eccc                ll_connEncBufferToData
                0x0002ecf8                ll_connValidateParams
                0x0002ed32                ll_connUpdateMaxPacketLengths
                0x0002eda4                ll_connGetHandleByConn
                0x0002edd4                ll_connGetByHandle
                0x0002ee00                bg_bit_clr_exclusive.lto_priv.506.lto_priv.771
                0x0002ee00                bg_bit_clr_exclusive.lto_priv.504.lto_priv.767
                0x0002ee00                bg_bit_clr_exclusive.lto_priv.509.lto_priv.759
                0x0002ee00                bg_bit_clr_exclusive.lto_priv.507.lto_priv.805
                0x0002ee00                bg_bit_clr_exclusive.lto_priv.505.lto_priv.761
                0x0002ee00                bg_bit_clr_exclusive.lto_priv.508.lto_priv.762
                0x0002ee12                bg_bit_set_exclusive.lto_priv.513.lto_priv.806
                0x0002ee12                bg_bit_set_exclusive.lto_priv.514.lto_priv.757
                0x0002ee12                bg_bit_set_exclusive.lto_priv.515.lto_priv.756
                0x0002ee12                bg_bit_set_exclusive.lto_priv.512.lto_priv.809
                0x0002ee12                bg_bit_set_exclusive.lto_priv.510.lto_priv.758
                0x0002ee12                bg_bit_set_exclusive.lto_priv.511.lto_priv.812
                0x0002ee12                bg_bit_set_exclusive.lto_priv.517.lto_priv.760
                0x0002ee22                ll_connEncryptionConnectionInit
                0x0002ee58                ll_connRaiseEvents
                0x0002f4a8                ll_channelmapUpdate
                0x0002f522                ll_connInitNew
                0x0002f704                ll_channelmapUsedChannels
                0x0002f72c                ll_channelmapGetChannelMap
                0x0002f744                ll_connUpdatedChannelClassification
                0x0002f7b0                ll_advExtUpdateChannelMap
                0x0002f7d0                ll_advGetByHandle
                0x0002f818                scan_getRadioPhy.lto_priv.804
                0x0002f818                adv_getRadioPhy.lto_priv.813
                0x0002f82c                set_change_awareness
                0x0002f848                set_client_features
                0x0002f886                mbedtls_ecp_point_free.part.8
                0x0002f8a2                mbedtls_ecp_point_init.part.5
                0x0002f8be                ecp_modp.lto_priv.467
                0x0002f944                mbedtls_ecp_check_pubkey
                0x0002fad8                mbedtls_ecp_copy
                0x0002fb04                mbedtls_ecp_point_free
                0x0002fb0a                crypto_management_release
                0x0002fb40                mbedtls_aes_init.part.3
                0x0002fb48                mbedtls_aes_setkey_enc
                0x0002fb84                mbedtls_cipher_cmac_update
                0x0002fc4c                PROTIMER_GetTime
                0x0002fc88                PROTIMER_GetUsTime
                0x0002fca0                GENERIC_PHY_SeqAtomicLock
                0x0002fd50                ll_dtmTaskHandler
                0x0002fe98                nvm3_deleteObjects
                0x0002ffdc                ll_connFree
                0x00030038                ll_advTaskStopHandle
                0x00030318                ll_advExtTaskHandlerWaitTx
                0x0003056c                ll_advTaskHandlerWaitTx
                0x00030690                ll_connAlloc
                0x000306f0                ll_advUpdateMaxEventLength
                0x000307f0                PROTIMER_CCTimerStart
                0x000309d8                GENERIC_PHY_EnableRadioIrqs.lto_priv.751
                0x00030a0c                GENERIC_PHY_DisableRadioIrqs.lto_priv.753
                0x00030abc                GENERIC_PHY_ConfigureInterrupts.lto_priv.752
                0x00030c4c                GENERIC_PHY_ClearPendedRxWindowEnd.lto_priv.728
                0x00030ca8                RADIO_RACRxAbort.lto_priv.458
                0x00030ce0                BUFC_RxBufferReset
                0x00030d34                GENERIC_PHY_ResetRxFifo
                0x00030d68                FRC_IRQHandler
                0x00031484                FRC_PRI_IRQHandler
                0x00031486                MODEM_IRQHandler
                0x00031488                RAC_SEQ_IRQHandler
                0x0003148a                PROTIMER_IRQHandler
                0x0003148c                BUFC_IRQHandler
                0x0003148e                GENERIC_PHY_RadioIdle
                0x00031600                crypto_management_release_preemption
                0x00031a54                ll_connSendData
                0x00031bfc                ll_connEnableDataFlow
                0x00031c22                ll_connEncryptionFail
                0x00031c38                CRYPTO_KeyBufWrite.lto_priv.583
                0x00031c72                mbedtls_aes_crypt_ctr
                0x00031e18                mbedtls_aes_crypt_ecb
                0x00031ebc                ll_connEncryptionSetSessionKey
                0x00031f54                ecp_double_jac.lto_priv.464
                0x0003252e                ecp_add_mixed.lto_priv.466
                0x00032ae0                mbedtls_ecp_group_free
                0x00032b3e                mbedtls_cipher_cmac_finish
 .text.unlikely
                0x00032c4c      0x534 C:\Users\nick\AppData\Local\Temp\cclW87YU.ltrans6.ltrans.o
                0x00032c4c                fill_buffer_byte.lto_priv.768
                0x00032c74                ecp_safe_invert_jac.lto_priv.462
                0x00032cbc                ecp_normalize_jac.lto_priv.463
                0x00032d8a                ecp_normalize_jac_many.lto_priv.465
 .text          0x00033180     0x3b44 C:\Users\nick\AppData\Local\Temp\cclW87YU.ltrans7.ltrans.o
                0x000331c0                s037881e38e2bb0973a218858fd4ea64306ca27c29f469090eb13a88da2183240.lto_priv.694
                0x00033224                s35d15782769c37bf3cd81392bcfd8a808f585d9e5ca9179d49dd951b5ae79735.lto_priv.693
                0x00033254                sdae345ad2b39dbcd64bc635b1dedd38e715ee846dd772b8831969da4428c0a00
                0x0003326c                sd4ea2506f2f5cc5f24ee2c46bd710b5fde46dc3462696bceb71834553251bf99
                0x00033380                scb985193cc21a9d5cd5f879ac597dd3326617e5275d51a24bf7bdb03986f03df
                0x0003354c                s4dba75a305bd78c343fb7778af300673fee077ca932653b66381c88c3423af6e.lto_priv.691
                0x00033654                s03d90ab87048ebf38fb229ff550c6d5e6fcdfc704bb7ecbb556e520938c90a4a
                0x000336fe                graphPrintCenter.constprop.398
                0x000338b4                PTI_Enable.constprop.384
                0x00033900                USART_InitSync.constprop.377
                0x000339c0                ccm_auth_crypt.constprop.353
                0x00033c6c                mbedtls_ccm_setkey.constprop.349
                0x00033cc4                mbedtls_cipher_info_from_type.constprop.344
                0x00033ccc                s00af053ed41651eeec6d5c55d0436dd921f4d744cff8d740403424c6394d0070.constprop.342
                0x00033d64                s906595a771c23cac11d4fced66f59373bb9d341735c560ec281fc4377fe39bf7.constprop.335
                0x00033db4                bgbuf_alloc_size.constprop.334
                0x00033dc8                s9362e4770d7887ef67f99f707e1afa74d055ab6b45ac7f99a19a6497ba182458.constprop.333
                0x00033df8                gecko_register_bgapi_library.constprop.317
                0x00033e34                mbedtls_ecp_group_load.constprop.312
                0x00033ea8                nvm3_writeData.constprop.311
                0x00033ec4                nvm3_readData.constprop.309
                0x00033ef8                hci_le_set_ext_scan_enable.constprop.301
                0x00033f2c                PA_Config.constprop.287
                0x0003405c                RFHAL_ConfigRxOptions.constprop.275
                0x00034134                RFHAL_ResetTxFifo.constprop.266
                0x00034160                bg_pool_init_pool.constprop.244
                0x000341e4                hci_command_init_shared_bgbuf.constprop.222
                0x00034238                validate_scanning_phymask.constprop.208
                0x00034248                alloc_params_data.constprop.204
                0x00034272                att_send_read_by_type_request.constprop.203
                0x0003429c                gatt_handle_prepare_write_response.constprop.193
                0x000343f4                gatt_set_enabled_caps.constprop.191
                0x000344a4                find_address.constprop.170
                0x00034504                preTxOps.constprop.147
                0x000345ec                ll_scanTaskExtCommonHandler.constprop.140
                0x00034680                mbedtls_mpi_write_binary.constprop.129
                0x000346c6                gecko_cmd_le_gap_bt5_set_adv_data.constprop.107
                0x0003471c                s75846026fb59afb5f7d482a90194654e1b9c1ad2e6ff2d130138ec3ee015a592.constprop.103
                0x0003472a                sc311bb2ddf77bf8ff2491a848b97f4dffb57329f9536d0a6d85642f6348b72e0.constprop.93
                0x000347ec                sb0858e7faac3d484e16faa69e0251fafd6e6d23bee78d554c237f5d60a92e28c.constprop.62
                0x00034808                s5c279919a8f58071d1e718cb692daf27c23c47bda1b5d733ac21e97e8698aa42.constprop.41
                0x0003498c                s85b79d6047e26f6a99d73454ab99f1bda746615b3e5e2d0692d3cf6307f11ee4.constprop.30
                0x000349dc                s052ca738bbd6aca0afeceda6ab6498c1dce4ca3d7aecd046c0d979807d19c8db.constprop.29
                0x00034a24                s71467c6035a75d190d5a1bd2d943759b0f6fcf254d7de8a7f80f968f2966af00.constprop.25
                0x00034af8                s36d86042a459de36bc63e863e27b8375fe57e053733009c022bca0385758bb84.constprop.24
                0x00034bf4                sb8efcbffa022cee1ed5a44e7138bd1f57522fb1f04cccbca8db05436ea45c883.constprop.19
                0x00034c58                ecp_crypto_device_init.isra.0.lto_priv.533
                0x00034c9c                mbedtls_internal_ecp_grp_capable
                0x00034ca6                ecp_crypto_ddata_write.lto_priv.532
                0x00034d1c                mpitobigint.lto_priv.536
                0x00034d5a                CRYPTO_InstructionSequenceWait.lto_priv.413.lto_priv.547
                0x00034d5a                CRYPTO_InstructionSequenceWait.lto_priv.414.lto_priv.531
                0x00034d62                CRYPTO_DDataRead.lto_priv.420.lto_priv.535
                0x00034d62                CRYPTO_DDataRead.lto_priv.419.lto_priv.548
                0x00034d9c                crypto_management_acquire_preemption.constprop.181
                0x00034ee0                CRYPTO_DDataWrite.lto_priv.421.lto_priv.543
                0x00034ee0                CRYPTO_DDataWrite.lto_priv.423.lto_priv.534
                0x00034ee0                CRYPTO_DDataWrite.lto_priv.422.lto_priv.539
                0x00034f04                CRYPTO_DData0Write260.lto_priv.415.lto_priv.540
                0x00034f1c                CRYPTO_DataReadUnaligned.lto_priv.425.lto_priv.528
                0x00034f1c                CRYPTO_DataReadUnaligned.lto_priv.424.lto_priv.541
                0x00034f5a                CRYPTO_DataWriteUnaligned.lto_priv.426.lto_priv.542
                0x00034f5a                CRYPTO_DataWriteUnaligned.lto_priv.427.lto_priv.529
                0x00034f9e                mbedtls_zeroize.lto_priv.430.lto_priv.544
                0x00034f9e                mbedtls_zeroize.lto_priv.431.lto_priv.538
                0x00034f9e                mbedtls_zeroize.lto_priv.428.lto_priv.549
                0x00034f9e                mbedtls_zeroize.lto_priv.429.lto_priv.584
                0x00034fae                mbedtls_ccm_free
                0x00034fc0                mbedtls_cipher_cmac_starts.constprop.345
                0x00035008                mbedtls_cipher_cmac.constprop.114
                0x000354a0                mbedtls_ecdh_compute_shared.constprop.113
                0x00035500                mbedtls_ecp_gen_keypair_base.constprop.117
                0x00035588                sf9b9e1be0d180156fe8c6b7f0c2ece3f838f992ffee52b3eb5c72d7001271280
                0x00035684                sd421a0143c47e03d531b2378ace681f130dd06c9a5a56812e0ac837e334a2e7d
                0x00035784                sbb0748ca22e53bf22eba7fca4a5b925848ce52d37c340da3702906cf9affa80d
                0x000357bc                s77de6635cf9621942af5748e070b753352712784d5b0964bf6a0d8ee3cf09662.lto_priv.602
                0x00035804                sd4e896d8b9a7e9737bc8d4006fae4eb6ea5cb265b4d8f16d337267f5c8bc699a.lto_priv.436.lto_priv.727
                0x00035804                sd4e896d8b9a7e9737bc8d4006fae4eb6ea5cb265b4d8f16d337267f5c8bc699a.lto_priv.434.lto_priv.608
                0x00035804                sd4e896d8b9a7e9737bc8d4006fae4eb6ea5cb265b4d8f16d337267f5c8bc699a.lto_priv.435.lto_priv.604
                0x00035804                sd4e896d8b9a7e9737bc8d4006fae4eb6ea5cb265b4d8f16d337267f5c8bc699a.lto_priv.437.lto_priv.600
                0x00035810                sc4a788c08f9c8606803642e599f0ededc9e8c23e587f7df9be530b6e56166021.lto_priv.442.lto_priv.601
                0x00035810                sc4a788c08f9c8606803642e599f0ededc9e8c23e587f7df9be530b6e56166021.lto_priv.438.lto_priv.609
                0x00035810                sc4a788c08f9c8606803642e599f0ededc9e8c23e587f7df9be530b6e56166021.lto_priv.440.lto_priv.603
                0x00035810                sc4a788c08f9c8606803642e599f0ededc9e8c23e587f7df9be530b6e56166021.lto_priv.441.lto_priv.717
                0x00035810                sc4a788c08f9c8606803642e599f0ededc9e8c23e587f7df9be530b6e56166021.lto_priv.439.lto_priv.631
                0x00035820                sae816d84a4e6919ab96ebc3ae03d4da17ed9f8c15994d3c1e64a61a0b4b43353
                0x000358ac                s59977fd99438126e4475fd76ab88c5b21f8ec4d327e551a39400404763912a14
                0x00035918                sa95284088210b5cd99da176a4a82d636a1bb33665977dd767df511abe11f350d
                0x00035940                s8614847b49fbd9a05c94b63a660ed38521195e4494309ab5bdcb2f560c7112ba
                0x0003596c                sb5fe3367b8ebbab8115876b5fe4e492f0744f0b9074a9c85b4bf3877cbd6b316.lto_priv.716
                0x000359d4                bgbuf_chain_links.lto_priv.444.lto_priv.814
                0x000359d4                bgbuf_chain_links.lto_priv.445.lto_priv.605
                0x000359d4                bgbuf_chain_links.lto_priv.443.lto_priv.610
                0x000359d4                bgbuf_chain_links.lto_priv.446.lto_priv.715
                0x00035a50                s4c3058d8d4fc9019c7dfebb009973e21d6948df93a8cc31da699adf4465e26fb
                0x00035a52                s03315e91d4a8934dd1651a4c255395ada78491ac4f293d13af41b88133715ba0.lto_priv.696
                0x00035a54                s30bb7e24cd00f64d81e32ddfbd2d9128a0c743cb90da2abb9ea9c31de718bf7c
                0x00035ba4                s4523bae84f49686f3c1775c592d615cd99c9cd62182a6b84303dbee0a98f3dc0.lto_priv.695
                0x00035c34                sea1eb752b63122c6a9264f7592e573def6f29cd73d1e55d7b946e13505e35ca7.lto_priv.697
                0x00035cc2                s0bea13b732733f5c2622c2b2ee9a4e5b74ff874723310e2136379b6f225bddc5.lto_priv.698
                0x00035d28                s47640f27e262a02b6c65d51a33898ec8ae3cfe2715514031ddcd6ef001581830.lto_priv.692
                0x00035d7e                s12cd6c16bc844baeffc1085bff99d76989715ba200f7ab4e6f2781bfa84016c8
                0x00035df0                s8d8b6d8c65efd265c83c080e07da3a10482b3ffa043867920da03b0c57f0365c.lto_priv.522
                0x00035e0c                s49ce2ca1d68dbc2ddf6286ccd6e13a40b4c257bff92d699ad67cd7be2080c791
                0x00035e5c                sa309322ec99158ffcaf3466a877db14834cc803df571c81c81cd3e8918efe089
                0x00035e74                s567011f8cb9b8f2222c24d3204cc994fd5265fb1a51b3af617a8ecd7608007c9.lto_priv.725
                0x00035e94                s4a6340e14512cda504f13bf2c99a205edbfb745b61d49562623d3db824192791.part.4.constprop.80
                0x00035f18                s4932f1e6488e7a2d0be0d886d9f0a0ba0be36bf5dc474c2df74131a8e24de078.part.3.constprop.78
                0x00035f86                sc1457939331e0e774bf5a794a8f6a9becd3952ff60c401df9e7c75d27d34417e
                0x00035fce                seabaa457af9a3087c9f90aa508863a2ff0829e46d67751502b4e3b1195f885ae.constprop.98
                0x0003603c                s33844c39492f7ac43bb40ce4fffaca68ff1e5d9cb45f4a032a70082cf629bceb
                0x0003607c                s1c63bd4a6dd74749aadbc63170eed1cfb374f7e792578f0c2e1a931a8dd00b90
                0x000360ba                s647c4bb32696b3685891400756017e4f4ca77e4fd65159f82702459aac066fb1
                0x000360d0                ll_advSetData.constprop.169
                0x00036152                ecp_crypto_ddata_read.lto_priv.530
                0x000361e6                crypto_mpi_div_mod.lto_priv.537
                0x00036400                mbedtls_internal_ecp_normalize_jac
                0x000364ec                s5a62950045d3cd533a9cfd7731edb0b6a0ff03a186b1996c4c41360c0b241e0b.constprop.348
                0x0003659a                s3744c3dca2ffdca661094bf0451d417f3990288b2023046c0935e6da882582de.constprop.340
                0x00036736                s973fdfdc87f8b6bc7d20cfbedf7ec56eda83307c6f8c5dbb5dad05618e2b0584
                0x0003686c                s2bc0998552ae45982253a633eb501aa42b42bc516c46513a86fbbb48c30fba83.constprop.82
                0x00036924                sa5e1d5cce53dfcba5d67b07c25d084f7aa2541d0ec266046b3d6b3e074cacb44.constprop.73
                0x00036ace                sf55763779a5338f05764b4e6c8f3fbed920346cec2340ebf5de42b9d1b085f47.constprop.97
 .text.unlikely
                0x00036cc4       0xea C:\Users\nick\AppData\Local\Temp\cclW87YU.ltrans7.ltrans.o
                0x00036d2e                l2cap_send_command_reject.constprop.190
                0x00036d76                sd6813d6dc3abd39940af7c4e316d34eea17ebb7cda0b56d026005e3a6edec3da.lto_priv.886
 *fill*         0x00036dae        0x2 
 .text.ceil     0x00036db0      0x100 c:/siliconlabs/simplicitystudio/v4/developer/toolchains/gnu_arm/7.2_2017q4/bin/../lib/gcc/arm-none-eabi/7.2.1/../../../../arm-none-eabi/lib/thumb/v7e-m/fpv4-sp/softfp\libm.a(lib_a-s_ceil.o)
                0x00036db0                ceil
 .text          0x00036eb0      0x378 c:/siliconlabs/simplicitystudio/v4/developer/toolchains/gnu_arm/7.2_2017q4/bin/../lib/gcc/arm-none-eabi/7.2.1/thumb/v7e-m/fpv4-sp/softfp\libgcc.a(_arm_addsubdf3.o)
                0x00036eb0                __aeabi_drsub
                0x00036eb8                __subdf3
                0x00036eb8                __aeabi_dsub
                0x00036ebc                __aeabi_dadd
                0x00036ebc                __adddf3
                0x00037134                __floatunsidf
                0x00037134                __aeabi_ui2d
                0x00037154                __aeabi_i2d
                0x00037154                __floatsidf
                0x00037178                __extendsfdf2
                0x00037178                __aeabi_f2d
                0x000371bc                __floatundidf
                0x000371bc                __aeabi_ul2d
                0x000371cc                __aeabi_l2d
                0x000371cc                __floatdidf
 .text          0x00037228      0x110 c:/siliconlabs/simplicitystudio/v4/developer/toolchains/gnu_arm/7.2_2017q4/bin/../lib/gcc/arm-none-eabi/7.2.1/thumb/v7e-m/fpv4-sp/softfp\libgcc.a(_arm_cmpdf2.o)
                0x00037228                __gtdf2
                0x00037228                __gedf2
                0x00037230                __ltdf2
                0x00037230                __ledf2
                0x00037238                __nedf2
                0x00037238                __cmpdf2
                0x00037238                __eqdf2
                0x000372b4                __aeabi_cdrcmple
                0x000372c4                __aeabi_cdcmple
                0x000372c4                __aeabi_cdcmpeq
                0x000372d4                __aeabi_dcmpeq
                0x000372e8                __aeabi_dcmplt
                0x000372fc                __aeabi_dcmple
                0x00037310                __aeabi_dcmpge
                0x00037324                __aeabi_dcmpgt
 .text          0x00037338       0x30 c:/siliconlabs/simplicitystudio/v4/developer/toolchains/gnu_arm/7.2_2017q4/bin/../lib/gcc/arm-none-eabi/7.2.1/thumb/v7e-m/fpv4-sp/softfp\libgcc.a(_aeabi_uldivmod.o)
                0x00037338                __aeabi_uldivmod
 .text          0x00037368      0x2cc c:/siliconlabs/simplicitystudio/v4/developer/toolchains/gnu_arm/7.2_2017q4/bin/../lib/gcc/arm-none-eabi/7.2.1/thumb/v7e-m/fpv4-sp/softfp\libgcc.a(_udivmoddi4.o)
                0x00037368                __udivmoddi4
 .text          0x00037634        0x4 c:/siliconlabs/simplicitystudio/v4/developer/toolchains/gnu_arm/7.2_2017q4/bin/../lib/gcc/arm-none-eabi/7.2.1/thumb/v7e-m/fpv4-sp/softfp\libgcc.a(_dvmd_tls.o)
                0x00037634                __aeabi_idiv0
                0x00037634                __aeabi_ldiv0
 .text.exit     0x00037638       0x28 c:/siliconlabs/simplicitystudio/v4/developer/toolchains/gnu_arm/7.2_2017q4/bin/../lib/gcc/arm-none-eabi/7.2.1/../../../../arm-none-eabi/lib/thumb/v7e-m/fpv4-sp/softfp\libc_nano.a(lib_a-exit.o)
                0x00037638                exit
 .text.__libc_init_array
                0x00037660       0x48 c:/siliconlabs/simplicitystudio/v4/developer/toolchains/gnu_arm/7.2_2017q4/bin/../lib/gcc/arm-none-eabi/7.2.1/../../../../arm-none-eabi/lib/thumb/v7e-m/fpv4-sp/softfp\libc_nano.a(lib_a-init.o)
                0x00037660                __libc_init_array
 .text.memcpy   0x000376a8       0x16 c:/siliconlabs/simplicitystudio/v4/developer/toolchains/gnu_arm/7.2_2017q4/bin/../lib/gcc/arm-none-eabi/7.2.1/../../../../arm-none-eabi/lib/thumb/v7e-m/fpv4-sp/softfp\libc_nano.a(lib_a-memcpy-stub.o)
                0x000376a8                memcpy
 .text.memset   0x000376be       0x10 c:/siliconlabs/simplicitystudio/v4/developer/toolchains/gnu_arm/7.2_2017q4/bin/../lib/gcc/arm-none-eabi/7.2.1/../../../../arm-none-eabi/lib/thumb/v7e-m/fpv4-sp/softfp\libc_nano.a(lib_a-memset.o)
                0x000376be                memset
 *fill*         0x000376ce        0x2 
 .text.setvbuf  0x000376d0      0x15c c:/siliconlabs/simplicitystudio/v4/developer/toolchains/gnu_arm/7.2_2017q4/bin/../lib/gcc/arm-none-eabi/7.2.1/../../../../arm-none-eabi/lib/thumb/v7e-m/fpv4-sp/softfp\libc_nano.a(lib_a-setvbuf.o)
                0x000376d0                setvbuf
 .text.sprintf  0x0003782c       0x40 c:/siliconlabs/simplicitystudio/v4/developer/toolchains/gnu_arm/7.2_2017q4/bin/../lib/gcc/arm-none-eabi/7.2.1/../../../../arm-none-eabi/lib/thumb/v7e-m/fpv4-sp/softfp\libc_nano.a(lib_a-sprintf.o)
                0x0003782c                sprintf
                0x0003782c                siprintf
 .text.strcat   0x0003786c       0x1e c:/siliconlabs/simplicitystudio/v4/developer/toolchains/gnu_arm/7.2_2017q4/bin/../lib/gcc/arm-none-eabi/7.2.1/../../../../arm-none-eabi/lib/thumb/v7e-m/fpv4-sp/softfp\libc_nano.a(lib_a-strcat.o)
                0x0003786c                strcat
 *fill*         0x0003788a        0x2 
 .text.__sflush_r
                0x0003788c      0x10c c:/siliconlabs/simplicitystudio/v4/developer/toolchains/gnu_arm/7.2_2017q4/bin/../lib/gcc/arm-none-eabi/7.2.1/../../../../arm-none-eabi/lib/thumb/v7e-m/fpv4-sp/softfp\libc_nano.a(lib_a-fflush.o)
                0x0003788c                __sflush_r
 .text._fflush_r
                0x00037998       0x54 c:/siliconlabs/simplicitystudio/v4/developer/toolchains/gnu_arm/7.2_2017q4/bin/../lib/gcc/arm-none-eabi/7.2.1/../../../../arm-none-eabi/lib/thumb/v7e-m/fpv4-sp/softfp\libc_nano.a(lib_a-fflush.o)
                0x00037998                _fflush_r
 .text.std      0x000379ec       0x48 c:/siliconlabs/simplicitystudio/v4/developer/toolchains/gnu_arm/7.2_2017q4/bin/../lib/gcc/arm-none-eabi/7.2.1/../../../../arm-none-eabi/lib/thumb/v7e-m/fpv4-sp/softfp\libc_nano.a(lib_a-findfp.o)
 .text._cleanup_r
                0x00037a34        0xc c:/siliconlabs/simplicitystudio/v4/developer/toolchains/gnu_arm/7.2_2017q4/bin/../lib/gcc/arm-none-eabi/7.2.1/../../../../arm-none-eabi/lib/thumb/v7e-m/fpv4-sp/softfp\libc_nano.a(lib_a-findfp.o)
                0x00037a34                _cleanup_r
 .text.__sfmoreglue
                0x00037a40       0x2c c:/siliconlabs/simplicitystudio/v4/developer/toolchains/gnu_arm/7.2_2017q4/bin/../lib/gcc/arm-none-eabi/7.2.1/../../../../arm-none-eabi/lib/thumb/v7e-m/fpv4-sp/softfp\libc_nano.a(lib_a-findfp.o)
                0x00037a40                __sfmoreglue
 .text.__sinit  0x00037a6c       0x60 c:/siliconlabs/simplicitystudio/v4/developer/toolchains/gnu_arm/7.2_2017q4/bin/../lib/gcc/arm-none-eabi/7.2.1/../../../../arm-none-eabi/lib/thumb/v7e-m/fpv4-sp/softfp\libc_nano.a(lib_a-findfp.o)
                0x00037a6c                __sinit
 .text.__sfp    0x00037acc       0x78 c:/siliconlabs/simplicitystudio/v4/developer/toolchains/gnu_arm/7.2_2017q4/bin/../lib/gcc/arm-none-eabi/7.2.1/../../../../arm-none-eabi/lib/thumb/v7e-m/fpv4-sp/softfp\libc_nano.a(lib_a-findfp.o)
                0x00037acc                __sfp
 .text._fwalk_reent
                0x00037b44       0x3c c:/siliconlabs/simplicitystudio/v4/developer/toolchains/gnu_arm/7.2_2017q4/bin/../lib/gcc/arm-none-eabi/7.2.1/../../../../arm-none-eabi/lib/thumb/v7e-m/fpv4-sp/softfp\libc_nano.a(lib_a-fwalk.o)
                0x00037b44                _fwalk_reent
 .text.__swhatbuf_r
                0x00037b80       0x48 c:/siliconlabs/simplicitystudio/v4/developer/toolchains/gnu_arm/7.2_2017q4/bin/../lib/gcc/arm-none-eabi/7.2.1/../../../../arm-none-eabi/lib/thumb/v7e-m/fpv4-sp/softfp\libc_nano.a(lib_a-makebuf.o)
                0x00037b80                __swhatbuf_r
 .text.malloc   0x00037bc8       0x10 c:/siliconlabs/simplicitystudio/v4/developer/toolchains/gnu_arm/7.2_2017q4/bin/../lib/gcc/arm-none-eabi/7.2.1/../../../../arm-none-eabi/lib/thumb/v7e-m/fpv4-sp/softfp\libc_nano.a(lib_a-malloc.o)
                0x00037bc8                malloc
 .text.free     0x00037bd8       0x10 c:/siliconlabs/simplicitystudio/v4/developer/toolchains/gnu_arm/7.2_2017q4/bin/../lib/gcc/arm-none-eabi/7.2.1/../../../../arm-none-eabi/lib/thumb/v7e-m/fpv4-sp/softfp\libc_nano.a(lib_a-malloc.o)
                0x00037bd8                free
 .text._free_r  0x00037be8       0x9c c:/siliconlabs/simplicitystudio/v4/developer/toolchains/gnu_arm/7.2_2017q4/bin/../lib/gcc/arm-none-eabi/7.2.1/../../../../arm-none-eabi/lib/thumb/v7e-m/fpv4-sp/softfp\libc_nano.a(lib_a-nano-freer.o)
                0x00037be8                _free_r
 .text._malloc_r
                0x00037c84       0xb4 c:/siliconlabs/simplicitystudio/v4/developer/toolchains/gnu_arm/7.2_2017q4/bin/../lib/gcc/arm-none-eabi/7.2.1/../../../../arm-none-eabi/lib/thumb/v7e-m/fpv4-sp/softfp\libc_nano.a(lib_a-nano-mallocr.o)
                0x00037c84                _malloc_r
 .text.__ssputs_r
                0x00037d38       0xb4 c:/siliconlabs/simplicitystudio/v4/developer/toolchains/gnu_arm/7.2_2017q4/bin/../lib/gcc/arm-none-eabi/7.2.1/../../../../arm-none-eabi/lib/thumb/v7e-m/fpv4-sp/softfp\libc_nano.a(lib_a-nano-svfprintf.o)
                0x00037d38                __ssputs_r
 .text._svfprintf_r
                0x00037dec      0x1ec c:/siliconlabs/simplicitystudio/v4/developer/toolchains/gnu_arm/7.2_2017q4/bin/../lib/gcc/arm-none-eabi/7.2.1/../../../../arm-none-eabi/lib/thumb/v7e-m/fpv4-sp/softfp\libc_nano.a(lib_a-nano-svfprintf.o)
                0x00037dec                _svfiprintf_r
                0x00037dec                _svfprintf_r
 .text._printf_common
                0x00037fd8       0xea c:/siliconlabs/simplicitystudio/v4/developer/toolchains/gnu_arm/7.2_2017q4/bin/../lib/gcc/arm-none-eabi/7.2.1/../../../../arm-none-eabi/lib/thumb/v7e-m/fpv4-sp/softfp\libc_nano.a(lib_a-nano-vfprintf_i.o)
                0x00037fd8                _printf_common
 *fill*         0x000380c2        0x2 
 .text._printf_i
                0x000380c4      0x224 c:/siliconlabs/simplicitystudio/v4/developer/toolchains/gnu_arm/7.2_2017q4/bin/../lib/gcc/arm-none-eabi/7.2.1/../../../../arm-none-eabi/lib/thumb/v7e-m/fpv4-sp/softfp\libc_nano.a(lib_a-nano-vfprintf_i.o)
                0x000380c4                _printf_i
 .text._sbrk_r  0x000382e8       0x20 c:/siliconlabs/simplicitystudio/v4/developer/toolchains/gnu_arm/7.2_2017q4/bin/../lib/gcc/arm-none-eabi/7.2.1/../../../../arm-none-eabi/lib/thumb/v7e-m/fpv4-sp/softfp\libc_nano.a(lib_a-sbrkr.o)
                0x000382e8                _sbrk_r
 .text.__sread  0x00038308       0x22 c:/siliconlabs/simplicitystudio/v4/developer/toolchains/gnu_arm/7.2_2017q4/bin/../lib/gcc/arm-none-eabi/7.2.1/../../../../arm-none-eabi/lib/thumb/v7e-m/fpv4-sp/softfp\libc_nano.a(lib_a-stdio.o)
                0x00038308                __sread
 .text.__swrite
                0x0003832a       0x38 c:/siliconlabs/simplicitystudio/v4/developer/toolchains/gnu_arm/7.2_2017q4/bin/../lib/gcc/arm-none-eabi/7.2.1/../../../../arm-none-eabi/lib/thumb/v7e-m/fpv4-sp/softfp\libc_nano.a(lib_a-stdio.o)
                0x0003832a                __swrite
 .text.__sseek  0x00038362       0x24 c:/siliconlabs/simplicitystudio/v4/developer/toolchains/gnu_arm/7.2_2017q4/bin/../lib/gcc/arm-none-eabi/7.2.1/../../../../arm-none-eabi/lib/thumb/v7e-m/fpv4-sp/softfp\libc_nano.a(lib_a-stdio.o)
                0x00038362                __sseek
 .text.__sclose
                0x00038386        0x8 c:/siliconlabs/simplicitystudio/v4/developer/toolchains/gnu_arm/7.2_2017q4/bin/../lib/gcc/arm-none-eabi/7.2.1/../../../../arm-none-eabi/lib/thumb/v7e-m/fpv4-sp/softfp\libc_nano.a(lib_a-stdio.o)
                0x00038386                __sclose
 *fill*         0x0003838e        0x2 
 .text._write_r
                0x00038390       0x24 c:/siliconlabs/simplicitystudio/v4/developer/toolchains/gnu_arm/7.2_2017q4/bin/../lib/gcc/arm-none-eabi/7.2.1/../../../../arm-none-eabi/lib/thumb/v7e-m/fpv4-sp/softfp\libc_nano.a(lib_a-writer.o)
                0x00038390                _write_r
 .text._close_r
                0x000383b4       0x20 c:/siliconlabs/simplicitystudio/v4/developer/toolchains/gnu_arm/7.2_2017q4/bin/../lib/gcc/arm-none-eabi/7.2.1/../../../../arm-none-eabi/lib/thumb/v7e-m/fpv4-sp/softfp\libc_nano.a(lib_a-closer.o)
                0x000383b4                _close_r
 .text._fstat_r
                0x000383d4       0x24 c:/siliconlabs/simplicitystudio/v4/developer/toolchains/gnu_arm/7.2_2017q4/bin/../lib/gcc/arm-none-eabi/7.2.1/../../../../arm-none-eabi/lib/thumb/v7e-m/fpv4-sp/softfp\libc_nano.a(lib_a-fstatr.o)
                0x000383d4                _fstat_r
 .text._lseek_r
                0x000383f8       0x24 c:/siliconlabs/simplicitystudio/v4/developer/toolchains/gnu_arm/7.2_2017q4/bin/../lib/gcc/arm-none-eabi/7.2.1/../../../../arm-none-eabi/lib/thumb/v7e-m/fpv4-sp/softfp\libc_nano.a(lib_a-lseekr.o)
                0x000383f8                _lseek_r
 *fill*         0x0003841c        0x4 
 .text          0x00038420       0xa0 c:/siliconlabs/simplicitystudio/v4/developer/toolchains/gnu_arm/7.2_2017q4/bin/../lib/gcc/arm-none-eabi/7.2.1/../../../../arm-none-eabi/lib/thumb/v7e-m/fpv4-sp/softfp\libc_nano.a(lib_a-memchr.o)
                0x00038420                memchr